******************************************************************************
                  TI ARM Linker PC v18.1.5                     
******************************************************************************
>> Linked Mon Apr 29 18:30:35 2019

OUTPUT FILE NAME:   <EGH456_Assignment.out>
ENTRY POINT SYMBOL: "_c_int00"  address: 00007d49


MEMORY CONFIGURATION

         name            origin    length      used     unused   attr    fill
----------------------  --------  ---------  --------  --------  ----  --------
  FLASH                 00000000   00100000  0000f518  000f0ae8  R  X
  SRAM                  20000000   00040000  00002eb4  0003d14c  RW X


SEGMENT ALLOCATION MAP

run origin  load origin   length   init length attrs members
----------  ----------- ---------- ----------- ----- -------
00000000    00000000    0000f520   0000f520    r-x
  00000000    00000000    0000003c   0000003c    r-- .resetVecs
  00000040    00000040    0000a29a   0000a29a    r-x .text
  0000a2dc    0000a2dc    00004ed2   00004ed2    r-- .const
  0000f1b0    0000f1b0    00000370   00000370    r-- .cinit
20000000    20000000    00000360   00000000    rw-
  20000000    20000000    00000360   00000000    rw- .vecs
20000380    20000380    00002b58   00000000    rw-
  20000380    20000380    00001f30   00000000    rw- .bss
  200022b0    200022b0    00000924   00000000    rw- .data
  20002bd8    20002bd8    00000300   00000000    rw- .stack


SECTION ALLOCATION MAP

 output                                  attributes/
section   page    origin      length       input sections
--------  ----  ----------  ----------   ----------------
.text      0    00000040    0000a29a     
                  00000040    00000430     sysbios.aem4f : BIOS.obj (.text:ti_sysbios_family_arm_m3_Hwi_excDumpRegs__I)
                  00000470    00000370     grlib.lib : image.obj (.text:InternalImageDraw)
                  000007e0    0000034c     ti.targets.arm.rtsarm.aem4f : System.oem4f (.text:xdc_runtime_System_doPrint__I)
                  00000b2c    00000004     driverlib.lib : i2c.obj (.text:I2CMasterControl)
                  00000b30    000002ec     sysbios.aem4f : BIOS.obj (.text:ti_sysbios_knl_Semaphore_pend__E)
                  00000e1c    000002e4     grlib.lib : image.obj (.text:PixelTransparentDraw)
                  00001100    0000026c     pinout.obj (.text:PinoutSet)
                  0000136c    00000004     driverlib.lib : i2c.obj (.text:I2CMasterDataGet)
                  00001370    0000026c     sysbios.aem4f : BIOS.obj (.text:ti_sysbios_heaps_HeapMem_free__E)
                  000015dc    00000256     grlib.lib : string.obj (.text:GrFontGlyphRender)
                  00001832    00000006     driverlib.lib : gpio.obj (.text:GPIOIntClear)
                  00001838    00000250     sysbios.aem4f : BIOS.obj (.text:ti_sysbios_heaps_HeapMem_alloc__E)
                  00001a88    00000234                   : BIOS.obj (.text:ti_sysbios_knl_Task_Instance_finalize__E)
                  00001cbc    0000020c     drivers_tivaware.aem4f : UARTTiva.oem4f (.text:UARTTiva_open)
                  00001ec8    00000204     driverlib.lib : sysctl.obj (.text:SysCtlClockFreqSet)
                  000020cc    00000204     Boot.aem4f : Boot_sysctl.oem4f (.text:ti_catalog_arm_cortexm4_tiva_ce_Boot_sysCtlClockFreqSetI__I)
                  000022d0    000001fc     sysbios.aem4f : BIOS.obj (.text:ti_sysbios_family_arm_m3_Hwi_excHandlerMax__I)
                  000024cc    000001e4     Kentec320x240x16_ssd2119_spi.obj (.text:Kentec320x240x16_SSD2119Init)
                  000026b0    000001dc     Kentec320x240x16_ssd2119_spi.obj (.text:Kentec320x240x16_SSD2119PixelDrawMultiple)
                  0000288c    00000004     driverlib.lib : i2c.obj (.text:I2CMasterDataPut)
                  00002890    000001c0     sysbios.aem4f : BIOS.obj (.text:ti_sysbios_knl_Task_Instance_init__E)
                  00002a50    00000194     grlib.lib : canvas.obj (.text:CanvasPaint)
                  00002be4    00000004     driverlib.lib : uart.obj (.text:UARTIntClear)
                  00002be8    0000018c     sysbios.aem4f : BIOS.obj (.text:ti_sysbios_family_arm_lm4_Timer_start__E)
                  00002d74    00000004     grlib.lib : widget.obj (.text:WidgetDefaultMsgProc)
                  00002d78    00000178     sysbios.aem4f : BIOS.obj (.text:ti_sysbios_family_arm_lm4_TimestampProvider_get64__E)
                  00002ef0    00000176     grlib.lib : pushbutton.obj (.text:RectangularButtonPaint)
                  00003066    00000002     rtsv7M4_T_le_v4SPD16_eabi.lib : _lock.c.obj (.text:_nop)
                  00003068    00000174     sysbios.aem4f : BIOS.obj (.text:ti_sysbios_family_arm_m3_Hwi_excBusFault__I)
                  000031dc    00000004     rtsv7M4_T_le_v4SPD16_eabi.lib : exit.c.obj (.text:abort:abort)
                  000031e0    00000164     sysbios.aem4f : BIOS.obj (.text:ti_sysbios_family_arm_m3_Hwi_excUsageFault__I)
                  00003344    00000150     drivers_tivaware.aem4f : GPIOTiva.oem4f (.text:GPIO_setConfig)
                  00003494    0000014c     GUI.obj (.text:userInterFxn)
                  000035e0    00000148     GUI.obj (.text:draw_HomePage)
                  00003728    00000148     sysbios.aem4f : BIOS.obj (.text:ti_sysbios_family_arm_m3_Hwi_excMemFault__I)
                  00003870    00000140                   : BIOS.obj (.text:ti_sysbios_knl_Semaphore_post__E)
                  000039b0    0000013c                   : BIOS.obj (.text:ti_sysbios_heaps_HeapMem_Instance_init__E)
                  00003aec    00000004     GUI_pem4f.oem4f (.text:ti_sysbios_BIOS_RtsGateProxy_enter__E)
                  00003af0    0000013c     sysbios.aem4f : BIOS.obj (.text:ti_sysbios_knl_Clock_workFunc__E)
                  00003c2c    00000004     GUI_pem4f.oem4f (.text:ti_sysbios_BIOS_RtsGateProxy_leave__E)
                  00003c30    00000138     sysbios.aem4f : BIOS.obj (.text:ti_sysbios_family_arm_m3_Hwi_dispatchC__I)
                  00003d68    00000138     GUI_pem4f.oem4f (.text:ti_uia_loggers_LoggerStopMode_writeMemoryRange__E)
                  00003ea0    00000130     driverlib.lib : gpio.obj (.text:GPIOPadConfigSet)
                  00003fd0    0000011c     sysbios.aem4f : BIOS.obj (.text:ti_sysbios_knl_Clock_Instance_init__E)
                  000040ec    00000004                   : BIOS.obj (.text:ti_sysbios_family_arm_lm4_Timer_masterEnable__I)
                  000040f0    0000011c                   : BIOS.obj (.text:ti_sysbios_knl_Swi_run__I)
                  0000420c    00000118     GUI.obj (.text:main)
                  00004324    00000118     ti.targets.arm.rtsarm.aem4f : Error.oem4f (.text:xdc_runtime_Error_policyDefault__E)
                  0000443c    0000010c     Kentec320x240x16_ssd2119_spi.obj (.text:Kentec320x240x16_SSD2119RectFill)
                  00004548    0000010c     touch.obj (.text:TouchScreenInit)
                  00004654    0000010c     GUI_pem4f.oem4f (.text:ti_uia_loggers_LoggerStopMode_write8__E)
                  00004760    00000100     ti.targets.arm.rtsarm.aem4f : Core-mem.oem4f (.text:xdc_runtime_Core_createObject__I)
                  00004860    000000f8                                 : Startup.oem4f (.text:xdc_runtime_Startup_startMods__I)
                  00004958    000000f8     GUI_pem4f.oem4f (.text:xdc_runtime_System_printfExtend__I)
                  00004a50    000000f4     sysbios.aem4f : m3_Hwi_asm.obj (.text:ti_sysbios_family_arm_m3_Hwi_dispatch__I)
                  00004b44    000000f4     GUI_pem4f.oem4f (.text:ti_uia_loggers_LoggerStopMode_write4__E)
                  00004c38    000000f2     grlib.lib : pushbutton.obj (.text:RectangularButtonClick)
                  00004d2a    00000002     rtsv7M4_T_le_v4SPD16_eabi.lib : div0.asm.obj (.text)
                  00004d2c    000000e8     grlib.lib : widget.obj (.text:WidgetMessageQueueAdd)
                  00004e14    000000e8     GUI_pem4f.oem4f (.text:ti_uia_loggers_LoggerStopMode_write1__E)
                  00004efc    000000e8     GUI_pem4f.oem4f (.text:ti_uia_loggers_LoggerStopMode_write2__E)
                  00004fe4    000000e0     drivers_tivaware.aem4f : I2CTiva.oem4f (.text:I2CTiva_open)
                  000050c4    00000004     GUI_pem4f.oem4f (.text:ti_sysbios_family_arm_m3_Hwi_destruct)
                  000050c8    000000d8     sysbios.aem4f : BIOS.obj (.text:ti_sysbios_family_arm_lm4_TimestampProvider_get32__E)
                  000051a0    000000d8     GUI_pem4f.oem4f (.text:ti_uia_loggers_LoggerStopMode_write0__E)
                  00005278    000000d6     drivers_tivaware.aem4f : I2CTiva.oem4f (.text:I2CTiva_hwiFxn)
                  0000534e    00000002     GUI_pem4f.oem4f (.text:ti_sysbios_BIOS_nullFunc__I)
                  00005350    000000cc     sysbios.aem4f : BIOS.obj (.text:ti_sysbios_knl_Task_schedule__I)
                  0000541c    000000cc     ti.targets.arm.rtsarm.aem4f : Core-smem.oem4f (.text:xdc_runtime_Core_constructObject__I)
                  000054e8    000000c4     grlib.lib : string.obj (.text:GrDefaultStringRenderer)
                  000055ac    00000004     GUI_pem4f.oem4f (.text:ti_sysbios_family_arm_m3_TaskSupport_Module__startupDone__S)
                  000055b0    000000bc     sysbios.aem4f : BIOS.obj (.text:ti_sysbios_family_arm_m3_Hwi_excDebugMon__I)
                  0000566c    00000004     GUI_pem4f.oem4f (.text:ti_sysbios_heaps_HeapMem_Module_GateProxy_enter__E)
                  00005670    000000bc     sysbios.aem4f : BIOS.obj (.text:ti_sysbios_family_arm_m3_Hwi_excHardFault__I)
                  0000572c    00000004     GUI_pem4f.oem4f (.text:ti_sysbios_heaps_HeapMem_Module_GateProxy_leave__E)
                  00005730    000000bc     sysbios.aem4f : BIOS.obj (.text:ti_sysbios_knl_Task_startCore__E)
                  000057ec    00000004     GUI_pem4f.oem4f (.text:ti_sysbios_knl_Clock_TimerProxy_getMaxTicks__E)
                  000057f0    000000bc     sysbios.aem4f : BIOS.obj (.text:ti_sysbios_utils_Load_updateLoads__E)
                  000058ac    000000b8     EK_TM4C1294XL.obj (.text:EK_TM4C1294XL_initGeneral)
                  00005964    000000b8     Kentec320x240x16_ssd2119_spi.obj (.text:InitSPILCDInterface)
                  00005a1c    000000b4     grlib.lib : widget.obj (.text:WidgetMessageSendPostOrder)
                  00005ad0    000000b4     sysbios.aem4f : BIOS.obj (.text:ti_sysbios_gates_GateMutex_enter__E)
                  00005b84    00000004     GUI_pem4f.oem4f (.text:ti_sysbios_knl_Clock_TimerProxy_getPeriod__E)
                  00005b88    000000b4     sysbios.aem4f : BIOS.obj (.text:ti_sysbios_knl_Task_checkStacks__E)
                  00005c3c    00000004     GUI_pem4f.oem4f (.text:ti_sysbios_knl_Clock_destruct)
                  00005c40    000000b0     sysbios.aem4f : BIOS.obj (.text:ti_sysbios_utils_Load_idleFxn__E)
                  00005cf0    000000ac     drivers_tivaware.aem4f : UARTTiva.oem4f (.text:readTaskBlocking)
                  00005d9c    00000004     GUI_pem4f.oem4f (.text:ti_sysbios_knl_Queue_destruct)
                  00005da0    000000ac     sysbios.aem4f : BIOS.obj (.text:ti_sysbios_family_arm_lm4_Timer_enableTiva__I)
                  00005e4c    00000004     GUI_pem4f.oem4f (.text:ti_sysbios_knl_Semaphore_destruct)
                  00005e50    000000ac     sysbios.aem4f : BIOS.obj (.text:ti_sysbios_knl_Swi_post__E)
                  00005efc    00000004     ti.uia.loggers.aem4f : LoggerStopMode.oem4f (.text:ti_uia_loggers_LoggerStopMode_getContents__E)
                  00005f00    000000a8     sysbios.aem4f : BIOS.obj (.text:ti_sysbios_family_arm_lm4_Timer_enableTimers__I)
                  00005fa8    000000a8                   : BIOS.obj (.text:ti_sysbios_knl_Task_blockI__E)
                  00006050    000000a8                   : BIOS.obj (.text:ti_sysbios_knl_Task_postInit__I)
                  000060f8    000000a4                   : BIOS.obj (.text:ti_sysbios_knl_Clock_Instance_finalize__E)
                  0000619c    000000a0     auto_init.aem4f : auto_init.oem4f (.text)
                  0000623c    000000a0     ti.targets.arm.rtsarm.aem4f : Text.oem4f (.text:xdc_runtime_Text_putMod__E)
                  000062dc    0000009c     rtsv7M4_T_le_v4SPD16_eabi.lib : memcpy_t2.asm.obj (.text)
                  00006378    0000009c     sysbios.aem4f : BIOS.obj (.text:ti_sysbios_knl_Semaphore_Instance_init__E)
                  00006414    0000009a     ti.targets.arm.rtsarm.aem4f : Text.oem4f (.text:xdc_runtime_Text_putSite__E)
                  000064ae    00000098     drivers_tivaware.aem4f : UARTTiva.oem4f (.text:UARTTiva_readPolling)
                  00006546    00000002     GUI_pem4f.oem4f (.text:ti_uia_loggers_LoggerStopMode_setFilterLevel__E)
                  00006548    00000098     Boot.aem4f : Boot.oem4f (.text:ti_catalog_arm_cortexm4_tiva_ce_Boot_sysCtlClockFreqSet__E)
                  000065e0    00000094     drivers_tivaware.aem4f : UARTTiva.oem4f (.text:UARTTiva_write)
                  00006674    00000004     GUI_pem4f.oem4f (.text:ti_uia_loggers_LoggerStopMode_getFilterLevel__E)
                  00006678    00000094     sysbios.aem4f : BIOS.obj (.text:ti_sysbios_family_arm_m3_Hwi_Instance_init__E)
                  0000670c    00000004     ti.uia.loggers.aem4f : LoggerStopMode.oem4f (.text:ti_uia_loggers_LoggerStopMode_getInstanceId__E)
                  00006710    00000094     sysbios.aem4f : BIOS.obj (.text:ti_sysbios_family_arm_m3_Hwi_initNVIC__E)
                  000067a4    00000004     ti.uia.loggers.aem4f : LoggerStopMode.oem4f (.text:ti_uia_loggers_LoggerStopMode_getMaxLength__E)
                  000067a8    00000094     sysbios.aem4f : BIOS.obj (.text:ti_sysbios_knl_Task_exit__E)
                  0000683c    00000004     ti.uia.loggers.aem4f : LoggerStopMode.oem4f (.text:ti_uia_loggers_LoggerStopMode_getPriority__E)
                  00006840    00000090     sysbios.aem4f : BIOS.obj (.text:ti_sysbios_knl_Task_unblockI__E)
                  000068d0    00000090     ti.uia.loggers.aem4f : LoggerStopMode.oem4f (.text:ti_uia_loggers_LoggerStopMode_initQueueDescriptor__E)
                  00006960    0000008c     drivers_tivaware.aem4f : GPIOTiva.oem4f (.text:GPIO_init)
                  000069ec    0000008c                            : UARTTiva.oem4f (.text:UARTTiva_control)
                  00006a78    0000008c     sysbios.aem4f : m3_TaskSupport_asm.obj (.text:ti_sysbios_family_arm_m3_TaskSupport_buildTaskStack)
                  00006b04    0000008a     drivers_tivaware.aem4f : UARTTiva.oem4f (.text:readIsrTextBlocking)
                  00006b8e    00000086     grlib.lib : rectangle.obj (.text:GrRectFill)
                  00006c14    00000004     ti.uia.loggers.aem4f : LoggerStopMode.oem4f (.text:ti_uia_loggers_LoggerStopMode_getTransferType__E)
                  00006c18    00000084     sysbios.aem4f : BIOS.obj (.text:ti_sysbios_family_arm_m3_Hwi_postInit__I)
                  00006c9c    00000082     drivers_tivaware.aem4f : UARTTiva.oem4f (.text:readIsrTextCallback)
                  00006d1e    0000007e                            : I2CTiva.oem4f (.text:I2CTiva_transfer)
                  00006d9c    0000007a     driverlib.lib : adc.obj (.text:ADCSequenceStepConfigure)
                  00006e16    0000007a     drivers_tivaware.aem4f : UARTTiva.oem4f (.text:readTaskCallback)
                  00006e90    0000007a     rtsv7M4_T_le_v4SPD16_eabi.lib : memset_t2.asm.obj (.text)
                  00006f0a    00000006     driverlib.lib : gpio.obj (.text:GPIOPinWrite)
                  00006f10    00000074     sysbios.aem4f : BIOS.obj (.text:ti_sysbios_knl_Clock_start__E)
                  00006f84    00000074     ti.uia.runtime.aem4f : QueueDescriptor.oem4f (.text:ti_uia_runtime_QueueDescriptor_addToList__E)
                  00006ff8    0000006d     ti.targets.arm.rtsarm.aem4f : System.oem4f (.text:xdc_runtime_System_formatNum__I)
                  00007065    00000001     --HOLE-- [fill = 0]
                  00007066    00000002     ti.uia.loggers.aem4f : LoggerStopMode.oem4f (.text:ti_uia_loggers_LoggerStopMode_setPriority__E)
                  00007068    0000006c     sysbios.aem4f : BIOS.obj (.text:ti_sysbios_knl_Swi_restoreHwi__E)
                  000070d4    0000006c     drivers_tivaware.aem4f : UARTTiva.oem4f (.text:writeData)
                  00007140    0000006c     ti.targets.arm.rtsarm.aem4f : Error.oem4f (.text:xdc_runtime_Error_print__E)
                  000071ac    0000006c                                 : Memory.oem4f (.text:xdc_runtime_Memory_alloc__E)
                  00007218    0000006a     grlib.lib : string.obj (.text:GrStringWidthGet)
                  00007282    00000002     GUI_pem4f.oem4f (.text:xdc_runtime_Startup_reset__I)
                  00007284    00000068     EK_TM4C1294XL.obj (.text:EK_TM4C1294XL_initI2C)
                  000072ec    00000068     grlib.lib : context.obj (.text:GrContextInit)
                  00007354    00000068     driverlib.lib : interrupt.obj (.text:IntEnable)
                  000073bc    00000068     Kentec320x240x16_ssd2119_spi.obj (.text:Kentec320x240x16_SSD2119LineDrawH)
                  00007424    00000068     Kentec320x240x16_ssd2119_spi.obj (.text:Kentec320x240x16_SSD2119LineDrawV)
                  0000748c    00000068     rtsv7M4_T_le_v4SPD16_eabi.lib : copy_decompress_lzss.c.obj (.text:decompress:lzss:__TI_decompress_lzss)
                  000074f4    00000066     grlib.lib : rectangle.obj (.text:GrRectDraw)
                  0000755a    00000066     ti.uia.loggers.aem4f : LoggerStopMode.oem4f (.text:ti_uia_loggers_LoggerStopMode_flush__E)
                  000075c0    00000066     ti.targets.arm.rtsarm.aem4f : Core-mem.oem4f (.text:xdc_runtime_Core_deleteObject__I)
                  00007626    00000002     --HOLE-- [fill = 0]
                  00007628    00000064     drivers_tivaware.aem4f : GPIOTiva.oem4f (.text:GPIO_hwiIntFxn)
                  0000768c    00000064     grlib.lib : widget.obj (.text:WidgetMessageQueueProcess)
                  000076f0    00000064     sysbios.aem4f : BIOS.obj (.text:ti_sysbios_family_arm_lm4_Timer_Module_startup__E)
                  00007754    00000064     GUI_pem4f.oem4f (.text:ti_sysbios_family_arm_m3_Hwi_create)
                  000077b8    00000062     grlib.lib : context.obj (.text:GrContextClipRegionSet)
                  0000781a    00000062     drivers_tivaware.aem4f : I2CTiva.oem4f (.text:I2CTiva_primeTransfer)
                  0000787c    00000060     driverlib.lib : timer.obj (.text:TimerConfigure)
                  000078dc    00000060     Kentec320x240x16_ssd2119_spi.obj (.text:WriteDataSPI)
                  0000793c    00000004     ti.targets.arm.rtsarm.aem4f : Error.oem4f (.text:xdc_runtime_Error_getSite__E)
                  00007940    00000060     sysbios.aem4f : BIOS.obj (.text:ti_sysbios_family_arm_lm4_Timer_isrStub__E)
                  000079a0    00000060                   : BIOS.obj (.text:ti_sysbios_knl_Clock_logTick__E)
                  00007a00    00000060                   : BIOS.obj (.text:ti_sysbios_utils_Load_logCPULoad__I)
                  00007a60    0000005e     drivers_tivaware.aem4f : UARTTiva.oem4f (.text:readIsrBinaryBlocking)
                  00007abe    0000005c     grlib.lib : widget.obj (.text:WidgetMessageSendPreOrder)
                  00007b1a    00000002     --HOLE-- [fill = 0]
                  00007b1c    0000005c     Kentec320x240x16_ssd2119_spi.obj (.text:WriteCommandSPI)
                  00007b78    0000005c     sysbios.aem4f : BIOS.obj (.text:ti_sysbios_knl_Swi_schedule__I)
                  00007bd4    00000004     GUI_pem4f.oem4f (.text:xdc_runtime_System_Module_GateProxy_enter__E)
                  00007bd8    0000005c     sysbios.aem4f : BIOS.obj (.text:ti_sysbios_knl_Task_Module_startup__E)
                  00007c34    0000005c     GUI_pem4f.oem4f (.text:ti_sysbios_knl_Task_create)
                  00007c90    0000005b     ti.targets.arm.rtsarm.aem4f : Text.oem4f (.text:xdc_runtime_Text_putLab__E)
                  00007ceb    00000001     --HOLE-- [fill = 0]
                  00007cec    0000005a     grlib.lib : string.obj (.text:FontWideGlyphDataGet)
                  00007d46    00000002     --HOLE-- [fill = 0]
                  00007d48    00000058     boot.aem4f : boot.oem4f (.text)
                  00007da0    00000058     rtsv7M4_T_le_v4SPD16_eabi.lib : hostwrite.c.obj (.text:HOSTwrite)
                  00007df8    00000058     driverlib.lib : timer.obj (.text:TimerControlTrigger)
                  00007e50    00000058     GUI_pem4f.oem4f (.text:ti_sysbios_family_arm_m3_Hwi_construct)
                  00007ea8    00000058     sysbios.aem4f : m3_Hwi_asm_switch.obj (.text:ti_sysbios_family_arm_m3_Hwi_initStacks__E)
                  00007f00    00000056     driverlib.lib : gpio.obj (.text:GPIOIntTypeSet)
                  00007f56    00000054     drivers_tivaware.aem4f : UARTTiva.oem4f (.text:readIsrBinaryCallback)
                  00007faa    00000002     --HOLE-- [fill = 0]
                  00007fac    00000054     ti.targets.arm.rtsarm.aem4f : Assert.oem4f (.text:xdc_runtime_Assert_raise__I)
                  00008000    00000050     drivers_tivaware.aem4f : GPIOTiva.oem4f (.text:GPIO_setCallback)
                  00008050    00000050                            : GPIOTiva.oem4f (.text:GPIO_write)
                  000080a0    00000050                            : UARTTiva.oem4f (.text:UARTTiva_writeCancel)
                  000080f0    00000050     Boot.aem4f : Boot_sysctl.oem4f (.text:_SysCtlFrequencyGet)
                  00008140    00000050     sysbios.aem4f : BIOS.obj (.text:ti_sysbios_family_arm_m3_Hwi_Module_startup__E)
                  00008190    00000050     ti.targets.arm.rtsarm.aem4f : Startup.oem4f (.text:xdc_runtime_Startup_exec__E)
                  000081e0    00000050                                 : Text.oem4f (.text:xdc_runtime_Text_visitRope2__I)
                  00008230    0000004c     drivers_tivaware.aem4f : UARTTiva.oem4f (.text:UARTTiva_close)
                  0000827c    0000004c     rtsv7M4_T_le_v4SPD16_eabi.lib : cpy_tbl.c.obj (.text:copy_in)
                  000082c8    0000004c     sysbios.aem4f : BIOS.obj (.text:ti_sysbios_heaps_HeapMem_getStats__E)
                  00008314    00000004     GUI_pem4f.oem4f (.text:xdc_runtime_System_Module_GateProxy_leave__E)
                  00008318    0000004c     sysbios.aem4f : BIOS.obj (.text:ti_sysbios_knl_Swi_runLoop__I)
                  00008364    00000004     ti.targets.arm.rtsarm.aem4f : System.oem4f (.text:xdc_runtime_System_aprintf_va__F)
                  00008368    0000004c     sysbios.aem4f : BIOS.obj (.text:ti_sysbios_knl_Task_allBlockedFunction__I)
                  000083b4    0000004c     ti.uia.loggers.aem4f : LoggerStopMode.oem4f (.text:ti_uia_loggers_LoggerStopMode_Module_startup__E)
                  00008400    0000004a     grlib.lib : string.obj (.text:UpdateContextCharMapping)
                  0000844a    00000002     --HOLE-- [fill = 0]
                  0000844c    00000048     driverlib.lib : gpio.obj (.text:GPIOPinConfigure)
                  00008494    00000048                   : i2c.obj (.text:I2CMasterInitExpClk)
                  000084dc    00000048                   : sysctl.obj (.text:_SysCtlFrequencyGet)
                  00008524    00000004     ti.targets.arm.rtsarm.aem4f : System.oem4f (.text:xdc_runtime_System_printf_va__F)
                  00008528    00000048     sysbios.aem4f : BIOS.obj (.text:ti_sysbios_family_arm_m3_Hwi_disableInterrupt__E)
                  00008570    00000048                   : BIOS.obj (.text:ti_sysbios_family_arm_m3_Hwi_enableInterrupt__E)
                  000085b8    00000048                   : BIOS.obj (.text:ti_sysbios_family_arm_m3_Hwi_excReserved__I)
                  00008600    00000046     grlib.lib : line.obj (.text:GrLineDrawH)
                  00008646    00000046               : line.obj (.text:GrLineDrawV)
                  0000868c    00000046     Kentec320x240x16_ssd2119_spi.obj (.text:Kentec320x240x16_SSD2119PixelDraw)
                  000086d2    00000046     drivers_tivaware.aem4f : RingBuf.oem4f (.text:RingBuf_put)
                  00008718    00000046     ti.targets.arm.rtsarm.aem4f : Core-params.oem4f (.text:xdc_runtime_Core_assignParams__I)
                  0000875e    00000002     --HOLE-- [fill = 0]
                  00008760    00000044     sysbios.aem4f : BIOS.obj (.text:ti_sysbios_family_arm_lm4_Timer_stop__E)
                  000087a4    00000004     --HOLE-- [fill = 0]
                  000087a8    00000044                   : BIOS.obj (.text:ti_sysbios_family_arm_m3_Hwi_getStackInfo__E)
                  000087ec    00000044     ti.uia.loggers.aem4f : LoggerStopMode.oem4f (.text:ti_uia_loggers_LoggerStopMode_initBuffer__I)
                  00008830    00000044     ti.targets.arm.rtsarm.aem4f : Error.oem4f (.text:xdc_runtime_Error_setX__E)
                  00008874    00000044                                 : SysMin.oem4f (.text:xdc_runtime_SysMin_flush__E)
                  000088b8    00000044                                 : Text.oem4f (.text:xdc_runtime_Text_xprintf__I)
                  000088fc    00000042     driverlib.lib : uart.obj (.text:UARTConfigSetExpClk)
                  0000893e    00000042     drivers_tivaware.aem4f : UARTTiva.oem4f (.text:UARTTiva_hwiIntFxn)
                  00008980    00000042                            : UARTTiva.oem4f (.text:UARTTiva_writePolling)
                  000089c2    00000040                            : RingBuf.oem4f (.text:RingBuf_get)
                  00008a02    00000040                            : UARTTiva.oem4f (.text:UARTTiva_read)
                  00008a42    00000002     --HOLE-- [fill = 0]
                  00008a44    00000040     GUI.obj (.text:draw_SecondPage)
                  00008a84    00000040     rtsv7M4_T_le_v4SPD16_eabi.lib : u_divt2.asm.obj (.text)
                  00008ac4    00000004     --HOLE-- [fill = 0]
                  00008ac8    00000040     sysbios.aem4f : BIOS.obj (.text:ti_sysbios_family_arm_lm4_Timer_startup__E)
                  00008b08    0000003e     driverlib.lib : adc.obj (.text:ADCSequenceConfigure)
                  00008b46    0000003c                   : ssi.obj (.text:SSIConfigSetExpClk)
                  00008b82    00000006     grlib.lib : string.obj (.text:GrContextFontSet)
                  00008b88    0000003c     sysbios.aem4f : BIOS.obj (.text:ti_sysbios_family_arm_m3_Hwi_excSvCall__I)
                  00008bc4    00000004     --HOLE-- [fill = 0]
                  00008bc8    0000003c                   : BIOS.obj (.text:ti_sysbios_heaps_HeapMem_init__I)
                  00008c04    00000004     --HOLE-- [fill = 0]
                  00008c08    0000003c                   : BIOS.obj (.text:ti_sysbios_knl_Swi_startup__E)
                  00008c44    0000003a     grlib.lib : string.obj (.text:FontGlyphDataGet)
                  00008c7e    0000003a     drivers_tivaware.aem4f : I2CTiva.oem4f (.text:I2CTiva_completeTransfer)
                  00008cb8    00000038                            : I2C.oem4f (.text:I2C_init)
                  00008cf0    00000038                            : UART.oem4f (.text:UART_init)
                  00008d28    00000038     rtsv7M4_T_le_v4SPD16_eabi.lib : trgmsg.c.obj (.text:__TI_writemsg)
                  00008d60    00000038     sysbios.aem4f : BIOS.obj (.text:ti_sysbios_family_arm_m3_Hwi_excNoIsr__I)
                  00008d98    00000038                   : BIOS.obj (.text:ti_sysbios_knl_Task_processVitalTaskFlag__I)
                  00008dd0    00000038     ti.targets.arm.rtsarm.aem4f : SysMin.oem4f (.text:xdc_runtime_SysMin_putch__E)
                  00008e08    00000038                                 : System.oem4f (.text:xdc_runtime_System_atexit__E)
                  00008e40    00000036     drivers_tivaware.aem4f : I2CTiva.oem4f (.text:I2CTiva_close)
                  00008e76    00000036                            : UARTTiva.oem4f (.text:UARTTiva_readCancel)
                  00008eac    00000034     driverlib.lib : sysctl.obj (.text:SysCtlPeripheralEnable)
                  00008ee0    00000034     rtsv7M4_T_le_v4SPD16_eabi.lib : trgmsg.c.obj (.text:__TI_readmsg)
                  00008f14    00000004     --HOLE-- [fill = 0]
                  00008f18    00000034     sysbios.aem4f : BIOS.obj (.text:ti_sysbios_family_arm_m3_Hwi_Instance_finalize__E)
                  00008f4c    00000004     --HOLE-- [fill = 0]
                  00008f50    00000034                   : BIOS.obj (.text:ti_sysbios_family_arm_m3_Hwi_excNmi__I)
                  00008f84    00000004     --HOLE-- [fill = 0]
                  00008f88    00000034                   : BIOS.obj (.text:ti_sysbios_hal_Hwi_checkStack)
                  00008fbc    00000034     GUI_pem4f.oem4f (.text:ti_sysbios_knl_Clock_construct)
                  00008ff0    00000034     ti.uia.loggers.aem4f : LoggerStopMode.oem4f (.text:ti_uia_loggers_LoggerStopMode_reset__E)
                  00009024    00000034     ti.targets.arm.rtsarm.aem4f : Core-label.oem4f (.text:xdc_runtime_Core_assignLabel__I)
                  00009058    00000033                                 : Text.oem4f (.text:xdc_runtime_Text_printVisFxn__I)
                  0000908b    00000005     --HOLE-- [fill = 0]
                  00009090    00000032     sysbios.aem4f : BIOS.obj (.text:ti_sysbios_hal_Hwi_initStack)
                  000090c2    00000006     driverlib.lib : i2c.obj (.text:I2CMasterIntDisable)
                  000090c8    00000032     sysbios.aem4f : BIOS.obj (.text:ti_sysbios_knl_Semaphore_pendTimeout__I)
                  000090fa    00000002     --HOLE-- [fill = 0]
                  000090fc    00000030     GUI_pem4f.oem4f (.text:ti_sysbios_BIOS_atExitFunc__I)
                  0000912c    00000004     --HOLE-- [fill = 0]
                  00009130    00000030     sysbios.aem4f : BIOS.obj (.text:ti_sysbios_family_arm_m3_TaskSupport_start__E)
                  00009160    00000030     GUI_pem4f.oem4f (.text:ti_sysbios_gates_GateHwi_Object__create__S)
                  00009190    00000030     GUI_pem4f.oem4f (.text:ti_sysbios_gates_GateMutex_Object__create__S)
                  000091c0    00000030     GUI_pem4f.oem4f (.text:ti_sysbios_heaps_HeapMem_Object__create__S)
                  000091f0    00000030     GUI_pem4f.oem4f (.text:ti_sysbios_knl_Semaphore_construct)
                  00009220    00000030     sysbios.aem4f : BIOS.obj (.text:ti_sysbios_utils_Load_updateCurrentThreadTime__E)
                  00009250    00000030     GUI_pem4f.oem4f (.text:ti_uia_loggers_LoggerStopMode_Object__create__S)
                  00009280    00000030     ti.targets.arm.rtsarm.aem4f : SysMin.oem4f (.text:xdc_runtime_SysMin_abort__E)
                  000092b0    00000030                                 : System.oem4f (.text:xdc_runtime_System_processAtExit__E)
                  000092e0    0000002e     grlib.lib : string.obj (.text:GrStringNextCharGet)
                  0000930e    00000002     --HOLE-- [fill = 0]
                  00009310    0000002c     EK_TM4C1294XL.obj (.text:EK_TM4C1294XL_initUART)
                  0000933c    0000002c     grlib.lib : string.obj (.text:GrFontBaselineGet)
                  00009368    0000002c               : string.obj (.text:GrFontHeightGet)
                  00009394    0000002c     GUI_pem4f.oem4f (.text:ti_sysbios_knl_Clock_doTick__I)
                  000093c0    0000002c     GUI_pem4f.oem4f (.text:ti_sysbios_knl_Queue_construct)
                  000093ec    00000004     --HOLE-- [fill = 0]
                  000093f0    0000002c     sysbios.aem4f : BIOS.obj (.text:ti_sysbios_knl_Task_restore__E)
                  0000941c    0000002c     ti.targets.arm.rtsarm.aem4f : Text.oem4f (.text:xdc_runtime_Text_cordText__E)
                  00009448    0000002a     driverlib.lib : gpio.obj (.text:GPIODirModeSet)
                  00009472    0000002a     grlib.lib : widget.obj (.text:WidgetIsInTree)
                  0000949c    0000002a     ti.targets.arm.rtsarm.aem4f : System.oem4f (.text:xdc_runtime_System_putchar__I)
                  000094c6    00000028     Kentec320x240x16_ssd2119_spi.obj (.text:Kentec320x240x16_SSD2119ColorTranslate)
                  000094ee    00000028     grlib.lib : pushbutton.obj (.text:RectangularButtonMsgProc)
                  00009516    00000002     --HOLE-- [fill = 0]
                  00009518    00000028     sysbios.aem4f : BIOS.obj (.text:ti_sysbios_knl_Swi_Module_startup__E)
                  00009540    00000026     grlib.lib : string.obj (.text:GrFontInfoGet)
                  00009566    00000026     sysbios.aem4f : m3_Hwi_asm.obj (.text:ti_sysbios_family_arm_m3_Hwi_pendSV__I)
                  0000958c    00000026     ti.targets.arm.rtsarm.aem4f : System.oem4f (.text:xdc_runtime_System_avprintf__E)
                  000095b2    00000024     grlib.lib : widget.obj (.text:WidgetAdd)
                  000095d6    00000002     --HOLE-- [fill = 0]
                  000095d8    00000024     GUI_pem4f.oem4f (.text:ti_sysbios_BIOS_registerRTSLock__I)
                  000095fc    00000024     GUI_pem4f.oem4f (.text:ti_sysbios_BIOS_removeRTSLock__I)
                  00009620    00000024     GUI_pem4f.oem4f (.text:ti_sysbios_BIOS_startFunc__I)
                  00009644    00000004     --HOLE-- [fill = 0]
                  00009648    00000024     sysbios.aem4f : BIOS.obj (.text:ti_sysbios_family_arm_m3_Hwi_doTaskRestore__I)
                  0000966c    00000024     GUI_pem4f.oem4f (.text:ti_sysbios_gates_GateMutex_Object__delete__S)
                  00009690    00000024     sysbios.aem4f : BIOS.obj (.text:ti_sysbios_knl_Clock_Module_startup__E)
                  000096b4    00000024     ti.targets.arm.rtsarm.aem4f : System.oem4f (.text:xdc_runtime_System_vprintf__E)
                  000096d8    00000022     grlib.lib : string.obj (.text:GrFontGlyphDataGet)
                  000096fa    00000006     driverlib.lib : i2c.obj (.text:I2CMasterIntEnable)
                  00009700    00000022     sysbios.aem4f : BIOS.obj (.text:ti_sysbios_family_arm_lm4_Timer_write__I)
                  00009722    00000022     GUI_pem4f.oem4f (.text:xdc_runtime_SysMin_output__I)
                  00009744    00000020     Boot.aem4f : Boot_sysctl.oem4f (.text:_SysCtlMemTimingGet)
                  00009764    00000020     GUI_pem4f.oem4f (.text:ti_sysbios_BIOS_rtsLock__I)
                  00009784    00000020     sysbios.aem4f : m3_Hwi_asm.obj (.text:ti_sysbios_family_arm_m3_Hwi_excHandlerAsm__I)
                  000097a4    00000004     --HOLE-- [fill = 0]
                  000097a8    00000020                   : BIOS.obj (.text:ti_sysbios_family_arm_m3_Hwi_excHandler__I)
                  000097c8    00000020     GUI_pem4f.oem4f (.text:ti_sysbios_gates_GateHwi_Object__delete__S)
                  000097e8    00000020     GUI_pem4f.oem4f (.text:ti_sysbios_heaps_HeapMem_Object__delete__S)
                  00009808    00000020     GUI_pem4f.oem4f (.text:ti_sysbios_knl_Clock_Object__destruct__S)
                  00009828    00000020     sysbios.aem4f : BIOS.obj (.text:ti_sysbios_knl_Idle_run__E)
                  00009848    00000020     GUI_pem4f.oem4f (.text:ti_sysbios_knl_Semaphore_Object__destruct__S)
                  00009868    00000020     GUI_pem4f.oem4f (.text:ti_uia_loggers_LoggerStopMode_Object__delete__S)
                  00009888    00000020     ti.targets.arm.rtsarm.aem4f : Registry.oem4f (.text:xdc_runtime_Registry_findById__E)
                  000098a8    00000020                                 : SysMin.oem4f (.text:xdc_runtime_SysMin_Module_startup__E)
                  000098c8    0000001e     grlib.lib : string.obj (.text:GrFontCodepageGet)
                  000098e6    0000001e     GUI_pem4f.oem4f (.text:ti_sysbios_BIOS_errorRaiseHook__I)
                  00009904    0000001e     sysbios.aem4f : m3_Hwi_asm_switch.obj (.text:ti_sysbios_family_xxx_Hwi_switchAndRunFunc)
                  00009922    00000002     --HOLE-- [fill = 0]
                  00009924    0000001c     driverlib.lib : uart.obj (.text:UARTDisable)
                  00009940    0000001c     grlib.lib : widget.obj (.text:WidgetPointerMessage)
                  0000995c    0000001c     driverlib.lib : sysctl.obj (.text:_SysCtlMemTimingGet)
                  00009978    0000001c     drivers_tivaware.aem4f : GPIOTiva.oem4f (.text:getGpioIntIndex)
                  00009994    0000001c     GUI_pem4f.oem4f (.text:ti_sysbios_family_arm_m3_Hwi_Object__destruct__S)
                  000099b0    0000001c     sysbios.aem4f : BIOS.obj (.text:ti_sysbios_gates_GateMutex_Instance_init__E)
                  000099cc    0000001c     GUI_pem4f.oem4f (.text:ti_sysbios_knl_Queue_Object__destruct__S)
                  000099e8    0000001c     sysbios.aem4f : BIOS.obj (.text:ti_sysbios_knl_Task_enter__I)
                  00009a04    0000001c     ti.uia.loggers.aem4f : LoggerStopMode.oem4f (.text:ti_uia_loggers_LoggerStopMode_Instance_init__E)
                  00009a20    0000001c     ti.targets.arm.rtsarm.aem4f : Error.oem4f (.text:xdc_runtime_Error_raiseX__E)
                  00009a3c    0000001c                                 : Memory.oem4f (.text:xdc_runtime_Memory_valloc__E)
                  00009a58    0000001c                                 : SysMin.oem4f (.text:xdc_runtime_SysMin_exit__E)
                  00009a74    0000001c                                 : System.oem4f (.text:xdc_runtime_System_abort__E)
                  00009a90    0000001a     GUI_pem4f.oem4f (.text:ti_sysbios_family_arm_m3_Hwi_Handle__label__S)
                  00009aaa    0000001a     GUI_pem4f.oem4f (.text:ti_sysbios_gates_GateHwi_Handle__label__S)
                  00009ac4    0000001a     GUI_pem4f.oem4f (.text:ti_sysbios_gates_GateMutex_Handle__label__S)
                  00009ade    0000001a     GUI_pem4f.oem4f (.text:ti_sysbios_heaps_HeapMem_Handle__label__S)
                  00009af8    0000001a     GUI_pem4f.oem4f (.text:ti_sysbios_knl_Swi_Handle__label__S)
                  00009b12    0000001a     GUI_pem4f.oem4f (.text:ti_sysbios_knl_Task_Handle__label__S)
                  00009b2c    0000001a     GUI_pem4f.oem4f (.text:ti_uia_loggers_LoggerStopMode_Handle__label__S)
                  00009b46    0000001a     GUI_pem4f.oem4f (.text:xdc_runtime_System_aprintf__E)
                  00009b60    0000001a     GUI_pem4f.oem4f (.text:xdc_runtime_System_printf__E)
                  00009b7a    00000018     driverlib.lib : gpio.obj (.text:GPIOPinTypeGPIOOutput)
                  00009b92    00000002     --HOLE-- [fill = 0]
                  00009b94    00000018     rtsv7M4_T_le_v4SPD16_eabi.lib : args_main.c.obj (.text:_args_main)
                  00009bac    00000018     GUI_pem4f.oem4f (.text:ti_sysbios_BIOS_rtsUnlock__I)
                  00009bc4    00000018     GUI_pem4f.oem4f (.text:ti_sysbios_family_arm_lm4_Timer_Module__startupDone__F)
                  00009bdc    00000018     GUI_pem4f.oem4f (.text:ti_sysbios_family_arm_m3_Hwi_Module__startupDone__F)
                  00009bf4    00000018     sysbios.aem4f : m3_TaskSupport_asm.obj (.text:ti_sysbios_family_arm_m3_TaskSupport_swap__E)
                  00009c0c    00000004     --HOLE-- [fill = 0]
                  00009c10    00000018                   : BIOS.obj (.text:ti_sysbios_gates_GateMutex_leave__E)
                  00009c28    00000018     ti.targets.arm.rtsarm.aem4f : Error.oem4f (.text:xdc_runtime_Error_check__E)
                  00009c40    00000018                                 : System.oem4f (.text:xdc_runtime_System_exit__E)
                  00009c58    00000018                                 : Text.oem4f (.text:xdc_runtime_Text_ropeText__E)
                  00009c70    00000016     grlib.lib : string.obj (.text:GrStringDraw)
                  00009c86    00000016     driverlib.lib : i2c.obj (.text:I2CMasterErr)
                  00009c9c    00000016     GUI_pem4f.oem4f (.text:ti_sysbios_BIOS_exitFunc__I)
                  00009cb2    00000016     GUI.obj (.text:ti_sysbios_knl_Task_Params_init)
                  00009cc8    00000016     ti.uia.loggers.aem4f : LoggerStopMode.oem4f (.text:ti_uia_loggers_LoggerStopMode_disable__E)
                  00009cde    00000016                          : LoggerStopMode.oem4f (.text:ti_uia_loggers_LoggerStopMode_enable__E)
                  00009cf4    00000014     grlib.lib : canvas.obj (.text:CanvasMsgProc)
                  00009d08    00000014     Kentec320x240x16_ssd2119_spi.obj (.text:LED_OFF)
                  00009d1c    00000014     Kentec320x240x16_ssd2119_spi.obj (.text:LED_ON)
                  00009d30    00000014     touch.obj (.text:TouchScreenCallbackSet)
                  00009d44    00000014     driverlib.lib : uart.obj (.text:UARTEnable)
                  00009d58    00000014     grlib.lib : widget.obj (.text:WidgetMutexGet)
                  00009d6c    00000014     rtsv7M4_T_le_v4SPD16_eabi.lib : strlen.c.obj (.text:strlen)
                  00009d80    00000014     GUI_pem4f.oem4f (.text:ti_sysbios_family_arm_m3_Hwi_Object__get__S)
                  00009d94    00000004     --HOLE-- [fill = 0]
                  00009d98    00000014     sysbios.aem4f : BIOS.obj (.text:ti_sysbios_family_arm_m3_Hwi_switchFromBootStack__E)
                  00009dac    00000014     GUI_pem4f.oem4f (.text:ti_sysbios_heaps_HeapMem_Object__get__S)
                  00009dc0    00000014     GUI_pem4f.oem4f (.text:ti_sysbios_knl_Swi_Object__get__S)
                  00009dd4    00000012     driverlib.lib : gpio.obj (.text:GPIOPinTypeEthernetLED)
                  00009de6    00000012                   : gpio.obj (.text:GPIOPinTypeI2C)
                  00009df8    00000012                   : gpio.obj (.text:GPIOPinTypeI2CSCL)
                  00009e0a    00000012                   : gpio.obj (.text:GPIOPinTypeSSI)
                  00009e1c    00000012                   : gpio.obj (.text:GPIOPinTypeUART)
                  00009e2e    00000012     drivers_tivaware.aem4f : RingBuf.oem4f (.text:RingBuf_construct)
                  00009e40    00000012     driverlib.lib : ssi.obj (.text:SSIDataGetNonBlocking)
                  00009e52    00000012                   : timer.obj (.text:TimerLoadSet)
                  00009e64    00000012                   : timer.obj (.text:TimerPrescaleSet)
                  00009e76    00000002     --HOLE-- [fill = 0]
                  00009e78    00000012     sysbios.aem4f : BIOS.obj (.text:ti_sysbios_hal_Hwi_Module_startup__E)
                  00009e8a    00000012     GUI_pem4f.oem4f (.text:xdc_runtime_Startup_exec__I)
                  00009e9c    00000010     GUI_pem4f.oem4f (.text:.bootCodeSection:ti_catalog_arm_cortexm4_tiva_ce_Boot_init__I)
                  00009eac    00000010     driverlib.lib : adc.obj (.text:ADCIntEnable)
                  00009ebc    00000010     GUI.obj (.text:OnNext)
                  00009ecc    00000010     drivers_tivaware.aem4f : UARTTiva.oem4f (.text:readBlockingTimeout)
                  00009edc    00000004     --HOLE-- [fill = 0]
                  00009ee0    00000010     sysbios.aem4f : BIOS.obj (.text:ti_sysbios_BIOS_getCpuFreq__E)
                  00009ef0    00000010                   : BIOS.obj (.text:ti_sysbios_BIOS_setThreadType__E)
                  00009f00    00000010                   : BIOS.obj (.text:ti_sysbios_BIOS_start__E)
                  00009f10    00000010                   : BIOS.obj (.text:ti_sysbios_family_arm_lm4_TimestampProvider_rolloverFunc__E)
                  00009f20    00000010                   : m3_TaskSupport_asm.obj (.text:ti_sysbios_family_arm_m3_TaskSupport_glue)
                  00009f30    00000010                   : BIOS.obj (.text:ti_sysbios_gates_GateMutex_Instance_finalize__E)
                  00009f40    00000010                   : BIOS.obj (.text:ti_sysbios_knl_Semaphore_Instance_finalize__E)
                  00009f50    00000010                   : BIOS.obj (.text:ti_sysbios_knl_Swi_disable__E)
                  00009f60    00000010     GUI_pem4f.oem4f (.text:ti_sysbios_knl_Task_Object__get__S)
                  00009f70    00000010     sysbios.aem4f : BIOS.obj (.text:ti_sysbios_knl_Task_disable__E)
                  00009f80    00000010     GUI_pem4f.oem4f (.text:ti_uia_loggers_LoggerStopMode_Object__get__S)
                  00009f90    00000010     ti.uia.loggers.aem4f : LoggerStopMode.oem4f (.text:ti_uia_loggers_LoggerStopMode_isEmpty__E)
                  00009fa0    00000010     ti.targets.arm.rtsarm.aem4f : Gate.oem4f (.text:xdc_runtime_Gate_leaveSystem__E)
                  00009fb0    00000010                                 : Memory.oem4f (.text:xdc_runtime_Memory_free__E)
                  00009fc0    00000010                                 : SysMin.oem4f (.text:xdc_runtime_SysMin_ready__E)
                  00009fd0    00000010                                 : System.oem4f (.text:xdc_runtime_System_vsnprintf__E)
                  00009fe0    00000010     GUI_pem4f.oem4f (.text:xdc_runtime_Text_visitRope__I)
                  00009ff0    0000000e     driverlib.lib : adc.obj (.text:ADCSequenceEnable)
                  00009ffe    0000000e                   : gpio.obj (.text:GPIOIntStatus)
                  0000a00c    0000000e     grlib.lib : image.obj (.text:GrImageDraw)
                  0000a01a    0000000e     driverlib.lib : timer.obj (.text:TimerEnable)
                  0000a028    0000000e                   : uart.obj (.text:UARTCharGetNonBlocking)
                  0000a036    0000000e                   : uart.obj (.text:UARTCharPutNonBlocking)
                  0000a044    0000000e     rtsv7M4_T_le_v4SPD16_eabi.lib : copy_decompress_none.c.obj (.text:decompress:none:__TI_decompress_none)
                  0000a052    00000006     drivers_tivaware.aem4f : I2CTiva.oem4f (.text:I2CTiva_control)
                  0000a058    0000000e     sysbios.aem4f : BIOS.obj (.text:ti_sysbios_knl_Idle_loop__E)
                  0000a066    00000002     --HOLE-- [fill = 0]
                  0000a068    0000000e                   : BIOS.obj (.text:ti_sysbios_knl_Queue_empty__E)
                  0000a076    0000000c     drivers_tivaware.aem4f : RingBuf.oem4f (.text:RingBuf_peek)
                  0000a082    0000000c     driverlib.lib : uart.obj (.text:UARTFlowControlSet)
                  0000a08e    0000000c     drivers_tivaware.aem4f : UARTTiva.oem4f (.text:UARTTiva_init)
                  0000a09a    00000002     --HOLE-- [fill = 0]
                  0000a09c    0000000c     rtsv7M4_T_le_v4SPD16_eabi.lib : _lock.c.obj (.text:_register_lock)
                  0000a0a8    0000000c                                   : _lock.c.obj (.text:_register_unlock)
                  0000a0b4    0000000c                                   : copy_zero_init.c.obj (.text:decompress:ZI:__TI_zero_init)
                  0000a0c0    0000000c     sysbios.aem4f : BIOS.obj (.text:ti_sysbios_family_arm_lm4_Timer_getMaxTicks__E)
                  0000a0cc    00000004     --HOLE-- [fill = 0]
                  0000a0d0    0000000c                   : BIOS.obj (.text:ti_sysbios_family_arm_lm4_TimestampProvider_startTimer__E)
                  0000a0dc    0000000c     GUI_pem4f.oem4f (.text:ti_sysbios_family_arm_m3_Hwi_Params__init__S)
                  0000a0e8    0000000c     sysbios.aem4f : BIOS.obj (.text:ti_sysbios_family_arm_m3_Hwi_disableFxn__E)
                  0000a0f4    00000004     --HOLE-- [fill = 0]
                  0000a0f8    0000000c                   : BIOS.obj (.text:ti_sysbios_family_arm_m3_TaskSupport_checkStack__E)
                  0000a104    00000004     --HOLE-- [fill = 0]
                  0000a108    0000000c                   : BIOS.obj (.text:ti_sysbios_family_arm_m3_TaskSupport_getStackAlignment__E)
                  0000a114    00000004     --HOLE-- [fill = 0]
                  0000a118    0000000c                   : BIOS.obj (.text:ti_sysbios_gates_GateHwi_enter__E)
                  0000a124    0000000c     GUI_pem4f.oem4f (.text:ti_sysbios_knl_Clock_Params__init__S)
                  0000a130    0000000c     GUI_pem4f.oem4f (.text:ti_sysbios_knl_Queue_Object__get__S)
                  0000a13c    0000000c     GUI_pem4f.oem4f (.text:ti_sysbios_knl_Semaphore_Params__init__S)
                  0000a148    0000000c     GUI_pem4f.oem4f (.text:ti_sysbios_knl_Task_Params__init__S)
                  0000a154    0000000c     ti.targets.arm.rtsarm.aem4f : Error.oem4f (.text:xdc_runtime_Error_init__E)
                  0000a160    0000000c                                 : Gate.oem4f (.text:xdc_runtime_Gate_enterSystem__E)
                  0000a16c    0000000c                                 : Memory.oem4f (.text:xdc_runtime_Memory_calloc__E)
                  0000a178    0000000c                                 : Memory.oem4f (.text:xdc_runtime_Memory_getMaxDefaultTypeAlign__E)
                  0000a184    0000000a     driverlib.lib : i2c.obj (.text:I2CMasterDisable)
                  0000a18e    0000000a                   : i2c.obj (.text:I2CMasterEnable)
                  0000a198    0000000a     drivers_tivaware.aem4f : I2CTiva.oem4f (.text:I2CTiva_init)
                  0000a1a2    0000000a     Kentec320x240x16_ssd2119_spi.obj (.text:Kentec320x240x16_SSD2119Flush)
                  0000a1ac    0000000a     driverlib.lib : ssi.obj (.text:SSIDataPut)
                  0000a1b6    0000000a                   : ssi.obj (.text:SSIEnable)
                  0000a1c0    0000000a                   : uart.obj (.text:UARTCharGet)
                  0000a1ca    0000000a                   : uart.obj (.text:UARTCharPut)
                  0000a1d4    0000000a                   : uart.obj (.text:UARTIntDisable)
                  0000a1de    0000000a                   : uart.obj (.text:UARTIntStatus)
                  0000a1e8    0000000a     GUI_pem4f.oem4f (.text:xdc_runtime_IHeap_alloc)
                  0000a1f2    0000000a     GUI_pem4f.oem4f (.text:xdc_runtime_IHeap_free)
                  0000a1fc    00000008     EK_TM4C1294XL.obj (.text:EK_TM4C1294XL_initGPIO)
                  0000a204    00000008     grlib.lib : charmap.obj (.text:GrMapISO8859_1_Unicode)
                  0000a20c    00000008     driverlib.lib : i2c.obj (.text:I2CMasterIntClear)
                  0000a214    00000008                   : i2c.obj (.text:I2CMasterSlaveAddrSet)
                  0000a21c    00000008     drivers_tivaware.aem4f : I2CTiva.oem4f (.text:I2CTiva_blockingCallback)
                  0000a224    00000008     driverlib.lib : ssi.obj (.text:SSIBusy)
                  0000a22c    00000008                   : uart.obj (.text:UARTIntEnable)
                  0000a234    00000008                   : uart.obj (.text:UARTRxErrorGet)
                  0000a23c    00000008     drivers_tivaware.aem4f : UARTTiva.oem4f (.text:readSemCallback)
                  0000a244    00000008     sysbios.aem4f : BIOS.obj (.text:ti_sysbios_family_arm_lm4_Timer_masterDisable__I)
                  0000a24c    00000004     --HOLE-- [fill = 0]
                  0000a250    00000008                   : BIOS.obj (.text:ti_sysbios_family_arm_m3_Hwi_doSwiRestore__I)
                  0000a258    00000008                   : BIOS.obj (.text:ti_sysbios_family_arm_m3_Hwi_startup__E)
                  0000a260    00000008     drivers_tivaware.aem4f : UARTTiva.oem4f (.text:writeSemCallback)
                  0000a268    00000006     driverlib.lib : sysctl.obj (.text:SysCtlDelay)
                  0000a26e    00000006                   : uart.obj (.text:UARTFIFOLevelSet)
                  0000a274    00000006                   : uart.obj (.text:UARTRxErrorClear)
                  0000a27a    00000006     grlib.lib : widget.obj (.text:WidgetMutexPut)
                  0000a280    00000006     sysbios.aem4f : BIOS.obj (.text:ti_sysbios_family_arm_lm4_TimestampProvider_Module_startup__E)
                  0000a286    00000002     --HOLE-- [fill = 0]
                  0000a288    00000006                   : BIOS.obj (.text:ti_sysbios_family_arm_m3_Hwi_restoreFxn__E)
                  0000a28e    00000002     --HOLE-- [fill = 0]
                  0000a290    00000006                   : BIOS.obj (.text:ti_sysbios_gates_GateHwi_leave__E)
                  0000a296    00000002     --HOLE-- [fill = 0]
                  0000a298    00000006                   : BIOS.obj (.text:ti_sysbios_heaps_HeapMem_isBlocking__E)
                  0000a29e    00000002     --HOLE-- [fill = 0]
                  0000a2a0    00000006                   : BIOS.obj (.text:ti_sysbios_knl_Clock_stop__E)
                  0000a2a6    00000002     --HOLE-- [fill = 0]
                  0000a2a8    00000006                   : BIOS.obj (.text:ti_sysbios_knl_Queue_Instance_init__E)
                  0000a2ae    00000006     ti.targets.arm.rtsarm.aem4f : System.oem4f (.text:xdc_runtime_System_Module_startup__E)
                  0000a2b4    00000004     --HOLE-- [fill = 0]
                  0000a2b8    00000004     sysbios.aem4f : BIOS.obj (.text:ti_sysbios_family_arm_lm4_Timer_getPeriod__E)
                  0000a2bc    00000004     --HOLE-- [fill = 0]
                  0000a2c0    00000004                   : BIOS.obj (.text:ti_sysbios_gates_GateHwi_query__E)
                  0000a2c4    00000004     --HOLE-- [fill = 0]
                  0000a2c8    00000004                   : BIOS.obj (.text:ti_sysbios_gates_GateMutex_query__E)
                  0000a2cc    00000004     --HOLE-- [fill = 0]
                  0000a2d0    00000004                   : BIOS.obj (.text:ti_sysbios_knl_Task_startup__E)
                  0000a2d4    00000004     --HOLE-- [fill = 0]
                  0000a2d8    00000002                   : BIOS.obj (.text:ti_sysbios_gates_GateHwi_Instance_init__E)

.const     0    0000a2dc    00004ed2     
                  0000a2dc    00001fa3     GUI_pem4f.oem4f (.const:xdc_runtime_Text_charTab__A)
                  0000c27f    00000960     grlib.lib : fontcm22.obj (.const:.string:g_pui8Cm22Data)
                  0000cbdf    0000095e               : fontcm20.obj (.const:.string:g_pui8Cm20Data)
                  0000d53d    00000782               : fontcmss18b.obj (.const:.string:g_pui8Cmss18bData)
                  0000dcbf    00000210     images.obj (.const:.string:g_pui8Blue50x50)
                  0000decf    0000020e     images.obj (.const:.string:g_pui8Blue50x50Press)
                  0000e0dd    00000001     GUI_pem4f.oem4f (.const:xdc_runtime_Error_policy__C)
                  0000e0de    00000002     GUI_pem4f.oem4f (.const:ti_catalog_arm_cortexm4_tiva_ce_Boot_Module__id__C)
                  0000e0e0    00000120     Boot.aem4f : Boot_sysctl.oem4f (.const:g_pppui32XTALtoVCO)
                  0000e200    00000120     driverlib.lib : sysctl.obj (.const:g_pppui32XTALtoVCO)
                  0000e320    00000104     GUI_pem4f.oem4f (.const:xdc_runtime_Text_nodeTab__A)
                  0000e424    000000c8     grlib.lib : fontcm20.obj (.const:g_sFontCm20)
                  0000e4ec    000000c8               : fontcm22.obj (.const:g_sFontCm22)
                  0000e5b4    000000c8               : fontcmss18b.obj (.const:g_sFontCmss18b)
                  0000e67c    00000090     driverlib.lib : gpio.obj (.const:g_pui32GPIOBaseAddrs)
                  0000e70c    00000070                   : interrupt.obj (.const)
                  0000e77c    0000006c     Boot.aem4f : Boot_sysctl.oem4f (.const:g_pui32Xtals)
                  0000e7e8    0000006c     driverlib.lib : sysctl.obj (.const:g_pui32Xtals)
                  0000e854    00000060     GUI_pem4f.oem4f (.const:ti_uia_loggers_LoggerStopMode_Module__FXNS__C)
                  0000e8b4    00000054     drivers_tivaware.aem4f : GPIOTiva.oem4f (.const:.string)
                  0000e908    0000004c                            : UARTTiva.oem4f (.const)
                  0000e954    00000048     GUI_pem4f.oem4f (.const:.string)
                  0000e99c    00000048     drivers_tivaware.aem4f : GPIOTiva.oem4f (.const:gpioBaseAddresses)
                  0000e9e4    00000042     GUI.obj (.const:.string)
                  0000ea26    00000002     GUI_pem4f.oem4f (.const:ti_sysbios_family_arm_lm4_TimestampProvider_useClockTimer__C)
                  0000ea28    0000003c     GUI_pem4f.oem4f (.const:ti_sysbios_knl_Task_Object__PARAMS__C)
                  0000ea64    00000030     Boot.aem4f : Boot_sysctl.oem4f (.const:g_sXTALtoMEMTIM)
                  0000ea94    00000030     driverlib.lib : sysctl.obj (.const:g_sXTALtoMEMTIM)
                  0000eac4    00000030     GUI_pem4f.oem4f (.const:ti_sysbios_family_arm_m3_Hwi_Object__PARAMS__C)
                  0000eaf4    00000028     drivers_tivaware.aem4f : UARTTiva.oem4f (.const:UARTTiva_fxnTable)
                  0000eb1c    00000028     Kentec320x240x16_ssd2119_spi.obj (.const:g_sKentec320x240x16_SSD2119)
                  0000eb44    00000028     GUI_pem4f.oem4f (.const:ti_sysbios_heaps_HeapMem_Module__FXNS__C)
                  0000eb6c    00000028     GUI_pem4f.oem4f (.const:ti_uia_loggers_LoggerStopMode_Object__PARAMS__C)
                  0000eb94    00000028     GUI_pem4f.oem4f (.const:xdc_runtime_Startup_sfxnTab__A)
                  0000ebbc    00000024     EK_TM4C1294XL.obj (.const:I2C_config)
                  0000ebe0    00000024     GUI_pem4f.oem4f (.const:ti_sysbios_gates_GateHwi_Module__FXNS__C)
                  0000ec04    00000024     GUI_pem4f.oem4f (.const:ti_sysbios_gates_GateMutex_Module__FXNS__C)
                  0000ec28    00000024     GUI_pem4f.oem4f (.const:ti_sysbios_heaps_HeapMem_Object__PARAMS__C)
                  0000ec4c    00000024     GUI_pem4f.oem4f (.const:ti_sysbios_knl_Clock_Object__PARAMS__C)
                  0000ec70    00000024     GUI_pem4f.oem4f (.const:ti_sysbios_knl_Semaphore_Object__PARAMS__C)
                  0000ec94    00000020     GUI_pem4f.oem4f (.const:ti_sysbios_family_arm_m3_Hwi_Object__DESC__C)
                  0000ecb4    00000020     GUI_pem4f.oem4f (.const:ti_sysbios_gates_GateHwi_Object__DESC__C)
                  0000ecd4    00000020     GUI_pem4f.oem4f (.const:ti_sysbios_gates_GateMutex_Object__DESC__C)
                  0000ecf4    00000020     GUI_pem4f.oem4f (.const:ti_sysbios_heaps_HeapMem_Object__DESC__C)
                  0000ed14    00000020     GUI_pem4f.oem4f (.const:ti_sysbios_knl_Clock_Object__DESC__C)
                  0000ed34    00000020     GUI_pem4f.oem4f (.const:ti_sysbios_knl_Queue_Object__DESC__C)
                  0000ed54    00000020     GUI_pem4f.oem4f (.const:ti_sysbios_knl_Semaphore_Object__DESC__C)
                  0000ed74    00000020     GUI_pem4f.oem4f (.const:ti_sysbios_knl_Task_Object__DESC__C)
                  0000ed94    00000020     GUI_pem4f.oem4f (.const:ti_uia_loggers_LoggerStopMode_Object__DESC__C)
                  0000edb4    0000001c     drivers_tivaware.aem4f : I2CTiva.oem4f (.const)
                  0000edd0    0000001c     touch.obj (.const:g_pi32TouchParameters)
                  0000edec    00000018     EK_TM4C1294XL.obj (.const:UART_config)
                  0000ee04    00000018     EK_TM4C1294XL.obj (.const:i2cTivaHWAttrs)
                  0000ee1c    00000018     GUI_pem4f.oem4f (.const:ti_sysbios_gates_GateHwi_Object__PARAMS__C)
                  0000ee34    00000018     GUI_pem4f.oem4f (.const:ti_sysbios_gates_GateMutex_Object__PARAMS__C)
                  0000ee4c    00000018     GUI_pem4f.oem4f (.const:ti_sysbios_knl_Queue_Object__PARAMS__C)
                  0000ee64    00000018     EK_TM4C1294XL.obj (.const:uartTivaHWAttrs)
                  0000ee7c    00000014     EK_TM4C1294XL.obj (.const:GPIOTiva_config)
                  0000ee90    00000014     GUI_pem4f.oem4f (.const:xdc_runtime_Startup_firstFxns__A)
                  0000eea4    00000014     GUI_pem4f.oem4f (.const:xdc_runtime_Startup_sfxnRts__A)
                  0000eeb8    00000010     grlib.lib : context.obj (.const)
                  0000eec8    00000008     Boot.aem4f : Boot_sysctl.oem4f (.const)
                  0000eed0    00000008     driverlib.lib : sysctl.obj (.const)
                  0000eed8    00000008     GUI_pem4f.oem4f (.const:ti_sysbios_family_arm_m3_Hwi_excHookFuncs__A)
                  0000eee0    00000008     GUI_pem4f.oem4f (.const:ti_sysbios_knl_Idle_funcList__A)
                  0000eee8    00000008     GUI_pem4f.oem4f (.const:ti_sysbios_knl_Idle_funcList__C)
                  0000eef0    00000008     GUI_pem4f.oem4f (.const:xdc_runtime_Startup_firstFxns__C)
                  0000eef8    00000008     GUI_pem4f.oem4f (.const:xdc_runtime_Startup_lastFxns__C)
                  0000ef00    00000004     GUI_pem4f.oem4f (.const:ti_catalog_arm_cortexm4_tiva_ce_Boot_A_mustNotUseEnhancedClockMode__C)
                  0000ef04    00000004     GUI_pem4f.oem4f (.const:ti_catalog_arm_cortexm4_tiva_ce_Boot_Module__diagsEnabled__C)
                  0000ef08    00000004     GUI_pem4f.oem4f (.const:ti_catalog_arm_cortexm4_tiva_ce_Boot_Module__diagsIncluded__C)
                  0000ef0c    00000004     GUI_pem4f.oem4f (.const:ti_catalog_arm_cortexm4_tiva_ce_Boot_Module__diagsMask__C)
                  0000ef10    00000004     GUI_pem4f.oem4f (.const:ti_sysbios_family_arm_lm4_Timer_enableFunc__C)
                  0000ef14    00000004     GUI_pem4f.oem4f (.const:ti_sysbios_family_arm_lm4_Timer_numTimerDevices__C)
                  0000ef18    00000004     GUI_pem4f.oem4f (.const:ti_sysbios_family_arm_lm4_Timer_startupNeeded__C)
                  0000ef1c    00000004     GUI_pem4f.oem4f (.const:ti_sysbios_family_arm_m3_Hwi_E_NMI__C)
                  0000ef20    00000004     GUI_pem4f.oem4f (.const:ti_sysbios_family_arm_m3_Hwi_E_alreadyDefined__C)
                  0000ef24    00000004     GUI_pem4f.oem4f (.const:ti_sysbios_family_arm_m3_Hwi_E_busFault__C)
                  0000ef28    00000004     GUI_pem4f.oem4f (.const:ti_sysbios_family_arm_m3_Hwi_E_debugMon__C)
                  0000ef2c    00000004     GUI_pem4f.oem4f (.const:ti_sysbios_family_arm_m3_Hwi_E_hardFault__C)
                  0000ef30    00000004     GUI_pem4f.oem4f (.const:ti_sysbios_family_arm_m3_Hwi_E_memFault__C)
                  0000ef34    00000004     GUI_pem4f.oem4f (.const:ti_sysbios_family_arm_m3_Hwi_E_noIsr__C)
                  0000ef38    00000004     GUI_pem4f.oem4f (.const:ti_sysbios_family_arm_m3_Hwi_E_reserved__C)
                  0000ef3c    00000004     GUI_pem4f.oem4f (.const:ti_sysbios_family_arm_m3_Hwi_E_svCall__C)
                  0000ef40    00000004     GUI_pem4f.oem4f (.const:ti_sysbios_family_arm_m3_Hwi_E_usageFault__C)
                  0000ef44    00000004     GUI_pem4f.oem4f (.const:ti_sysbios_family_arm_m3_Hwi_LD_end__C)
                  0000ef48    00000004     GUI_pem4f.oem4f (.const:ti_sysbios_family_arm_m3_Hwi_LM_begin__C)
                  0000ef4c    00000004     GUI_pem4f.oem4f (.const:ti_sysbios_family_arm_m3_Hwi_Module__diagsEnabled__C)
                  0000ef50    00000004     GUI_pem4f.oem4f (.const:ti_sysbios_family_arm_m3_Hwi_Module__diagsIncluded__C)
                  0000ef54    00000004     GUI_pem4f.oem4f (.const:ti_sysbios_family_arm_m3_Hwi_Module__diagsMask__C)
                  0000ef58    00000004     GUI_pem4f.oem4f (.const:ti_sysbios_family_arm_m3_Hwi_Module__loggerFxn1__C)
                  0000ef5c    00000004     GUI_pem4f.oem4f (.const:ti_sysbios_family_arm_m3_Hwi_Module__loggerFxn8__C)
                  0000ef60    00000004     GUI_pem4f.oem4f (.const:ti_sysbios_family_arm_m3_Hwi_Module__loggerObj__C)
                  0000ef64    00000004     GUI_pem4f.oem4f (.const:ti_sysbios_family_arm_m3_Hwi_NUM_INTERRUPTS__C)
                  0000ef68    00000004     GUI_pem4f.oem4f (.const:ti_sysbios_family_arm_m3_Hwi_Object__count__C)
                  0000ef6c    00000004     GUI_pem4f.oem4f (.const:ti_sysbios_family_arm_m3_Hwi_ccr__C)
                  0000ef70    00000004     GUI_pem4f.oem4f (.const:ti_sysbios_family_arm_m3_Hwi_excHandlerFunc__C)
                  0000ef74    00000004     GUI_pem4f.oem4f (.const:ti_sysbios_family_arm_m3_Hwi_excHookFuncs__C)
                  0000ef78    00000004     GUI_pem4f.oem4f (.const:ti_sysbios_family_arm_m3_Hwi_nullIsrFunc__C)
                  0000ef7c    00000004     GUI_pem4f.oem4f (.const:ti_sysbios_family_arm_m3_Hwi_priGroup__C)
                  0000ef80    00000004     GUI_pem4f.oem4f (.const:ti_sysbios_family_arm_m3_TaskSupport_stackAlignment__C)
                  0000ef84    00000004     GUI_pem4f.oem4f (.const:ti_sysbios_gates_GateMutex_A_badContext__C)
                  0000ef88    00000004     GUI_pem4f.oem4f (.const:ti_sysbios_gates_GateMutex_Instance_State_sem__O)
                  0000ef8c    00000004     GUI_pem4f.oem4f (.const:ti_sysbios_gates_GateMutex_Module__diagsEnabled__C)
                  0000ef90    00000004     GUI_pem4f.oem4f (.const:ti_sysbios_gates_GateMutex_Module__diagsIncluded__C)
                  0000ef94    00000004     GUI_pem4f.oem4f (.const:ti_sysbios_gates_GateMutex_Module__diagsMask__C)
                  0000ef98    00000004     GUI_pem4f.oem4f (.const:ti_sysbios_hal_Hwi_E_stackOverflow__C)
                  0000ef9c    00000004     GUI_pem4f.oem4f (.const:ti_sysbios_heaps_HeapMem_A_align__C)
                  0000efa0    00000004     GUI_pem4f.oem4f (.const:ti_sysbios_heaps_HeapMem_A_heapSize__C)
                  0000efa4    00000004     GUI_pem4f.oem4f (.const:ti_sysbios_heaps_HeapMem_A_invalidFree__C)
                  0000efa8    00000004     GUI_pem4f.oem4f (.const:ti_sysbios_heaps_HeapMem_A_zeroBlock__C)
                  0000efac    00000004     GUI_pem4f.oem4f (.const:ti_sysbios_heaps_HeapMem_E_memory__C)
                  0000efb0    00000004     GUI_pem4f.oem4f (.const:ti_sysbios_heaps_HeapMem_Module__diagsEnabled__C)
                  0000efb4    00000004     GUI_pem4f.oem4f (.const:ti_sysbios_heaps_HeapMem_Module__diagsIncluded__C)
                  0000efb8    00000004     GUI_pem4f.oem4f (.const:ti_sysbios_heaps_HeapMem_Module__diagsMask__C)
                  0000efbc    00000004     GUI_pem4f.oem4f (.const:ti_sysbios_heaps_HeapMem_Module__gateObj__C)
                  0000efc0    00000004     GUI_pem4f.oem4f (.const:ti_sysbios_heaps_HeapMem_Object__count__C)
                  0000efc4    00000004     GUI_pem4f.oem4f (.const:ti_sysbios_heaps_HeapMem_reqAlign__C)
                  0000efc8    00000004     GUI_pem4f.oem4f (.const:ti_sysbios_knl_Clock_A_badThreadType__C)
                  0000efcc    00000004     GUI_pem4f.oem4f (.const:ti_sysbios_knl_Clock_LM_begin__C)
                  0000efd0    00000004     GUI_pem4f.oem4f (.const:ti_sysbios_knl_Clock_LM_tick__C)
                  0000efd4    00000004     GUI_pem4f.oem4f (.const:ti_sysbios_knl_Clock_LW_delayed__C)
                  0000efd8    00000004     GUI_pem4f.oem4f (.const:ti_sysbios_knl_Clock_Module_State_clockQ__O)
                  0000efdc    00000004     GUI_pem4f.oem4f (.const:ti_sysbios_knl_Clock_Module__diagsEnabled__C)
                  0000efe0    00000004     GUI_pem4f.oem4f (.const:ti_sysbios_knl_Clock_Module__diagsIncluded__C)
                  0000efe4    00000004     GUI_pem4f.oem4f (.const:ti_sysbios_knl_Clock_Module__diagsMask__C)
                  0000efe8    00000004     GUI_pem4f.oem4f (.const:ti_sysbios_knl_Clock_Module__loggerFxn1__C)
                  0000efec    00000004     GUI_pem4f.oem4f (.const:ti_sysbios_knl_Clock_Module__loggerFxn2__C)
                  0000eff0    00000004     GUI_pem4f.oem4f (.const:ti_sysbios_knl_Clock_Module__loggerObj__C)
                  0000eff4    00000004     GUI_pem4f.oem4f (.const:ti_sysbios_knl_Semaphore_A_badContext__C)
                  0000eff8    00000004     GUI_pem4f.oem4f (.const:ti_sysbios_knl_Semaphore_A_noEvents__C)
                  0000effc    00000004     GUI_pem4f.oem4f (.const:ti_sysbios_knl_Semaphore_A_overflow__C)
                  0000f000    00000004     GUI_pem4f.oem4f (.const:ti_sysbios_knl_Semaphore_A_pendTaskDisabled__C)
                  0000f004    00000004     GUI_pem4f.oem4f (.const:ti_sysbios_knl_Semaphore_Instance_State_pendQ__O)
                  0000f008    00000004     GUI_pem4f.oem4f (.const:ti_sysbios_knl_Semaphore_LM_pend__C)
                  0000f00c    00000004     GUI_pem4f.oem4f (.const:ti_sysbios_knl_Semaphore_LM_post__C)
                  0000f010    00000004     GUI_pem4f.oem4f (.const:ti_sysbios_knl_Semaphore_Module__diagsEnabled__C)
                  0000f014    00000004     GUI_pem4f.oem4f (.const:ti_sysbios_knl_Semaphore_Module__diagsIncluded__C)
                  0000f018    00000004     GUI_pem4f.oem4f (.const:ti_sysbios_knl_Semaphore_Module__diagsMask__C)
                  0000f01c    00000004     GUI_pem4f.oem4f (.const:ti_sysbios_knl_Semaphore_Module__loggerFxn2__C)
                  0000f020    00000004     GUI_pem4f.oem4f (.const:ti_sysbios_knl_Semaphore_Module__loggerFxn4__C)
                  0000f024    00000004     GUI_pem4f.oem4f (.const:ti_sysbios_knl_Semaphore_Module__loggerObj__C)
                  0000f028    00000004     GUI_pem4f.oem4f (.const:ti_sysbios_knl_Swi_LD_end__C)
                  0000f02c    00000004     GUI_pem4f.oem4f (.const:ti_sysbios_knl_Swi_LM_begin__C)
                  0000f030    00000004     GUI_pem4f.oem4f (.const:ti_sysbios_knl_Swi_LM_post__C)
                  0000f034    00000004     GUI_pem4f.oem4f (.const:ti_sysbios_knl_Swi_Module__diagsEnabled__C)
                  0000f038    00000004     GUI_pem4f.oem4f (.const:ti_sysbios_knl_Swi_Module__diagsIncluded__C)
                  0000f03c    00000004     GUI_pem4f.oem4f (.const:ti_sysbios_knl_Swi_Module__diagsMask__C)
                  0000f040    00000004     GUI_pem4f.oem4f (.const:ti_sysbios_knl_Swi_Module__loggerFxn1__C)
                  0000f044    00000004     GUI_pem4f.oem4f (.const:ti_sysbios_knl_Swi_Module__loggerFxn4__C)
                  0000f048    00000004     GUI_pem4f.oem4f (.const:ti_sysbios_knl_Swi_Module__loggerObj__C)
                  0000f04c    00000004     GUI_pem4f.oem4f (.const:ti_sysbios_knl_Swi_Object__count__C)
                  0000f050    00000004     GUI_pem4f.oem4f (.const:ti_sysbios_knl_Task_A_badPriority__C)
                  0000f054    00000004     GUI_pem4f.oem4f (.const:ti_sysbios_knl_Task_A_badTaskState__C)
                  0000f058    00000004     GUI_pem4f.oem4f (.const:ti_sysbios_knl_Task_A_badThreadType__C)
                  0000f05c    00000004     GUI_pem4f.oem4f (.const:ti_sysbios_knl_Task_A_noPendElem__C)
                  0000f060    00000004     GUI_pem4f.oem4f (.const:ti_sysbios_knl_Task_E_spOutOfBounds__C)
                  0000f064    00000004     GUI_pem4f.oem4f (.const:ti_sysbios_knl_Task_E_stackOverflow__C)
                  0000f068    00000004     GUI_pem4f.oem4f (.const:ti_sysbios_knl_Task_LD_block__C)
                  0000f06c    00000004     GUI_pem4f.oem4f (.const:ti_sysbios_knl_Task_LD_exit__C)
                  0000f070    00000004     GUI_pem4f.oem4f (.const:ti_sysbios_knl_Task_LD_ready__C)
                  0000f074    00000004     GUI_pem4f.oem4f (.const:ti_sysbios_knl_Task_LM_switch__C)
                  0000f078    00000004     GUI_pem4f.oem4f (.const:ti_sysbios_knl_Task_Module_State_inactiveQ__O)
                  0000f07c    00000004     GUI_pem4f.oem4f (.const:ti_sysbios_knl_Task_Module__diagsEnabled__C)
                  0000f080    00000004     GUI_pem4f.oem4f (.const:ti_sysbios_knl_Task_Module__diagsIncluded__C)
                  0000f084    00000004     GUI_pem4f.oem4f (.const:ti_sysbios_knl_Task_Module__diagsMask__C)
                  0000f088    00000004     GUI_pem4f.oem4f (.const:ti_sysbios_knl_Task_Module__loggerFxn2__C)
                  0000f08c    00000004     GUI_pem4f.oem4f (.const:ti_sysbios_knl_Task_Module__loggerFxn4__C)
                  0000f090    00000004     GUI_pem4f.oem4f (.const:ti_sysbios_knl_Task_Module__loggerObj__C)
                  0000f094    00000004     GUI_pem4f.oem4f (.const:ti_sysbios_knl_Task_Object__count__C)
                  0000f098    00000004     GUI_pem4f.oem4f (.const:ti_sysbios_knl_Task_allBlockedFunc__C)
                  0000f09c    00000004     GUI_pem4f.oem4f (.const:ti_sysbios_knl_Task_defaultStackHeap__C)
                  0000f0a0    00000004     GUI_pem4f.oem4f (.const:ti_sysbios_knl_Task_defaultStackSize__C)
                  0000f0a4    00000004     GUI_pem4f.oem4f (.const:ti_sysbios_knl_Task_numConstructedTasks__C)
                  0000f0a8    00000004     GUI_pem4f.oem4f (.const:ti_sysbios_utils_Load_LS_cpuLoad__C)
                  0000f0ac    00000004     GUI_pem4f.oem4f (.const:ti_sysbios_utils_Load_Module__diagsEnabled__C)
                  0000f0b0    00000004     GUI_pem4f.oem4f (.const:ti_sysbios_utils_Load_Module__diagsIncluded__C)
                  0000f0b4    00000004     GUI_pem4f.oem4f (.const:ti_sysbios_utils_Load_Module__diagsMask__C)
                  0000f0b8    00000004     GUI_pem4f.oem4f (.const:ti_sysbios_utils_Load_Module__loggerFxn1__C)
                  0000f0bc    00000004     GUI_pem4f.oem4f (.const:ti_sysbios_utils_Load_Module__loggerObj__C)
                  0000f0c0    00000004     GUI_pem4f.oem4f (.const:ti_sysbios_utils_Load_postUpdate__C)
                  0000f0c4    00000004     GUI_pem4f.oem4f (.const:ti_sysbios_utils_Load_windowInMs__C)
                  0000f0c8    00000004     GUI_pem4f.oem4f (.const:ti_uia_loggers_LoggerStopMode_Module__diagsEnabled__C)
                  0000f0cc    00000004     GUI_pem4f.oem4f (.const:ti_uia_loggers_LoggerStopMode_Module__diagsIncluded__C)
                  0000f0d0    00000004     GUI_pem4f.oem4f (.const:ti_uia_loggers_LoggerStopMode_Module__diagsMask__C)
                  0000f0d4    00000004     GUI_pem4f.oem4f (.const:ti_uia_loggers_LoggerStopMode_Object__count__C)
                  0000f0d8    00000004     GUI_pem4f.oem4f (.const:ti_uia_runtime_ILoggerSnapshot_Interface__BASE__C)
                  0000f0dc    00000004     GUI_pem4f.oem4f (.const:ti_uia_runtime_IUIATransfer_Interface__BASE__C)
                  0000f0e0    00000004     GUI_pem4f.oem4f (.const:xdc_runtime_Assert_E_assertFailed__C)
                  0000f0e4    00000004     GUI_pem4f.oem4f (.const:xdc_runtime_Core_A_initializedParams__C)
                  0000f0e8    00000004     GUI_pem4f.oem4f (.const:xdc_runtime_Core_Module__diagsEnabled__C)
                  0000f0ec    00000004     GUI_pem4f.oem4f (.const:xdc_runtime_Core_Module__diagsIncluded__C)
                  0000f0f0    00000004     GUI_pem4f.oem4f (.const:xdc_runtime_Core_Module__diagsMask__C)
                  0000f0f4    00000004     GUI_pem4f.oem4f (.const:xdc_runtime_Error_E_memory__C)
                  0000f0f8    00000004     GUI_pem4f.oem4f (.const:xdc_runtime_Error_Module__diagsEnabled__C)
                  0000f0fc    00000004     GUI_pem4f.oem4f (.const:xdc_runtime_Error_Module__diagsIncluded__C)
                  0000f100    00000004     GUI_pem4f.oem4f (.const:xdc_runtime_Error_Module__diagsMask__C)
                  0000f104    00000004     GUI_pem4f.oem4f (.const:xdc_runtime_Error_Module__loggerFxn8__C)
                  0000f108    00000004     GUI_pem4f.oem4f (.const:xdc_runtime_Error_Module__loggerObj__C)
                  0000f10c    00000004     GUI_pem4f.oem4f (.const:xdc_runtime_Error_policyFxn__C)
                  0000f110    00000004     GUI_pem4f.oem4f (.const:xdc_runtime_Error_raiseHook__C)
                  0000f114    00000004     GUI_pem4f.oem4f (.const:xdc_runtime_IFilterLogger_Interface__BASE__C)
                  0000f118    00000004     GUI_pem4f.oem4f (.const:xdc_runtime_IGateProvider_Interface__BASE__C)
                  0000f11c    00000004     GUI_pem4f.oem4f (.const:xdc_runtime_IHeap_Interface__BASE__C)
                  0000f120    00000004     GUI_pem4f.oem4f (.const:xdc_runtime_ILogger_Interface__BASE__C)
                  0000f124    00000004     GUI_pem4f.oem4f (.const:xdc_runtime_IModule_Interface__BASE__C)
                  0000f128    00000004     GUI_pem4f.oem4f (.const:xdc_runtime_Log_L_error__C)
                  0000f12c    00000004     GUI_pem4f.oem4f (.const:xdc_runtime_Memory_defaultHeapInstance__C)
                  0000f130    00000004     GUI_pem4f.oem4f (.const:xdc_runtime_Startup_execImpl__C)
                  0000f134    00000004     GUI_pem4f.oem4f (.const:xdc_runtime_Startup_lastFxns__A)
                  0000f138    00000004     GUI_pem4f.oem4f (.const:xdc_runtime_Startup_maxPasses__C)
                  0000f13c    00000004     GUI_pem4f.oem4f (.const:xdc_runtime_Startup_sfxnRts__C)
                  0000f140    00000004     GUI_pem4f.oem4f (.const:xdc_runtime_Startup_sfxnTab__C)
                  0000f144    00000004     GUI_pem4f.oem4f (.const:xdc_runtime_SysMin_bufSize__C)
                  0000f148    00000004     GUI_pem4f.oem4f (.const:xdc_runtime_SysMin_outputFunc__C)
                  0000f14c    00000004     GUI_pem4f.oem4f (.const:xdc_runtime_System_Module__gateObj__C)
                  0000f150    00000004     GUI_pem4f.oem4f (.const:xdc_runtime_System_abortFxn__C)
                  0000f154    00000004     GUI_pem4f.oem4f (.const:xdc_runtime_System_exitFxn__C)
                  0000f158    00000004     GUI_pem4f.oem4f (.const:xdc_runtime_System_extendFxn__C)
                  0000f15c    00000004     GUI_pem4f.oem4f (.const:xdc_runtime_System_maxAtexitHandlers__C)
                  0000f160    00000004     GUI_pem4f.oem4f (.const:xdc_runtime_Text_charTab__C)
                  0000f164    00000004     GUI_pem4f.oem4f (.const:xdc_runtime_Text_nameEmpty__C)
                  0000f168    00000004     GUI_pem4f.oem4f (.const:xdc_runtime_Text_nameStatic__C)
                  0000f16c    00000004     GUI_pem4f.oem4f (.const:xdc_runtime_Text_nameUnknown__C)
                  0000f170    00000004     GUI_pem4f.oem4f (.const:xdc_runtime_Text_nodeTab__C)
                  0000f174    00000004     GUI_pem4f.oem4f (.const:xdc_runtime_Text_visitRopeFxn__C)
                  0000f178    00000002     GUI_pem4f.oem4f (.const:ti_sysbios_family_arm_m3_Hwi_Module__id__C)
                  0000f17a    00000002     GUI_pem4f.oem4f (.const:ti_sysbios_family_arm_m3_Hwi_Module__loggerDefined__C)
                  0000f17c    00000002     GUI_pem4f.oem4f (.const:ti_sysbios_gates_GateMutex_Module__id__C)
                  0000f17e    00000002     GUI_pem4f.oem4f (.const:ti_sysbios_hal_Hwi_Module__id__C)
                  0000f180    00000002     GUI_pem4f.oem4f (.const:ti_sysbios_heaps_HeapMem_Module__id__C)
                  0000f182    00000002     GUI_pem4f.oem4f (.const:ti_sysbios_knl_Clock_Module__id__C)
                  0000f184    00000002     GUI_pem4f.oem4f (.const:ti_sysbios_knl_Clock_Module__loggerDefined__C)
                  0000f186    00000002     GUI_pem4f.oem4f (.const:ti_sysbios_knl_Semaphore_Module__id__C)
                  0000f188    00000002     GUI_pem4f.oem4f (.const:ti_sysbios_knl_Semaphore_Module__loggerDefined__C)
                  0000f18a    00000002     GUI_pem4f.oem4f (.const:ti_sysbios_knl_Swi_Module__id__C)
[...]
0000ef94  ti_sysbios_gates_GateMutex_Module__diagsMask__C                      
0000ef98  ti_sysbios_hal_Hwi_E_stackOverflow__C                                
0000ef9c  ti_sysbios_heaps_HeapMem_A_align__C                                  
0000efa0  ti_sysbios_heaps_HeapMem_A_heapSize__C                               
0000efa4  ti_sysbios_heaps_HeapMem_A_invalidFree__C                            
0000efa8  ti_sysbios_heaps_HeapMem_A_zeroBlock__C                              
0000efac  ti_sysbios_heaps_HeapMem_E_memory__C                                 
0000efb0  ti_sysbios_heaps_HeapMem_Module__diagsEnabled__C                     
0000efb4  ti_sysbios_heaps_HeapMem_Module__diagsIncluded__C                    
0000efb8  ti_sysbios_heaps_HeapMem_Module__diagsMask__C                        
0000efbc  ti_sysbios_heaps_HeapMem_Module__gateObj__C                          
0000efc0  ti_sysbios_heaps_HeapMem_Object__count__C                            
0000efc4  ti_sysbios_heaps_HeapMem_reqAlign__C                                 
0000efc8  ti_sysbios_knl_Clock_A_badThreadType__C                              
0000efcc  ti_sysbios_knl_Clock_LM_begin__C                                     
0000efd0  ti_sysbios_knl_Clock_LM_tick__C                                      
0000efd4  ti_sysbios_knl_Clock_LW_delayed__C                                   
0000efd8  ti_sysbios_knl_Clock_Module_State_clockQ__O                          
0000efdc  ti_sysbios_knl_Clock_Module__diagsEnabled__C                         
0000efe0  ti_sysbios_knl_Clock_Module__diagsIncluded__C                        
0000efe4  ti_sysbios_knl_Clock_Module__diagsMask__C                            
0000efe8  ti_sysbios_knl_Clock_Module__loggerFxn1__C                           
0000efec  ti_sysbios_knl_Clock_Module__loggerFxn2__C                           
0000eff0  ti_sysbios_knl_Clock_Module__loggerObj__C                            
0000eff4  ti_sysbios_knl_Semaphore_A_badContext__C                             
0000eff8  ti_sysbios_knl_Semaphore_A_noEvents__C                               
0000effc  ti_sysbios_knl_Semaphore_A_overflow__C                               
0000f000  ti_sysbios_knl_Semaphore_A_pendTaskDisabled__C                       
0000f004  ti_sysbios_knl_Semaphore_Instance_State_pendQ__O                     
0000f008  ti_sysbios_knl_Semaphore_LM_pend__C                                  
0000f00c  ti_sysbios_knl_Semaphore_LM_post__C                                  
0000f010  ti_sysbios_knl_Semaphore_Module__diagsEnabled__C                     
0000f014  ti_sysbios_knl_Semaphore_Module__diagsIncluded__C                    
0000f018  ti_sysbios_knl_Semaphore_Module__diagsMask__C                        
0000f01c  ti_sysbios_knl_Semaphore_Module__loggerFxn2__C                       
0000f020  ti_sysbios_knl_Semaphore_Module__loggerFxn4__C                       
0000f024  ti_sysbios_knl_Semaphore_Module__loggerObj__C                        
0000f028  ti_sysbios_knl_Swi_LD_end__C                                         
0000f02c  ti_sysbios_knl_Swi_LM_begin__C                                       
0000f030  ti_sysbios_knl_Swi_LM_post__C                                        
0000f034  ti_sysbios_knl_Swi_Module__diagsEnabled__C                           
0000f038  ti_sysbios_knl_Swi_Module__diagsIncluded__C                          
0000f03c  ti_sysbios_knl_Swi_Module__diagsMask__C                              
0000f040  ti_sysbios_knl_Swi_Module__loggerFxn1__C                             
0000f044  ti_sysbios_knl_Swi_Module__loggerFxn4__C                             
0000f048  ti_sysbios_knl_Swi_Module__loggerObj__C                              
0000f04c  ti_sysbios_knl_Swi_Object__count__C                                  
0000f050  ti_sysbios_knl_Task_A_badPriority__C                                 
0000f054  ti_sysbios_knl_Task_A_badTaskState__C                                
0000f058  ti_sysbios_knl_Task_A_badThreadType__C                               
0000f05c  ti_sysbios_knl_Task_A_noPendElem__C                                  
0000f060  ti_sysbios_knl_Task_E_spOutOfBounds__C                               
0000f064  ti_sysbios_knl_Task_E_stackOverflow__C                               
0000f068  ti_sysbios_knl_Task_LD_block__C                                      
0000f06c  ti_sysbios_knl_Task_LD_exit__C                                       
0000f070  ti_sysbios_knl_Task_LD_ready__C                                      
0000f074  ti_sysbios_knl_Task_LM_switch__C                                     
0000f078  ti_sysbios_knl_Task_Module_State_inactiveQ__O                        
0000f07c  ti_sysbios_knl_Task_Module__diagsEnabled__C                          
0000f080  ti_sysbios_knl_Task_Module__diagsIncluded__C                         
0000f084  ti_sysbios_knl_Task_Module__diagsMask__C                             
0000f088  ti_sysbios_knl_Task_Module__loggerFxn2__C                            
0000f08c  ti_sysbios_knl_Task_Module__loggerFxn4__C                            
0000f090  ti_sysbios_knl_Task_Module__loggerObj__C                             
0000f094  ti_sysbios_knl_Task_Object__count__C                                 
0000f098  ti_sysbios_knl_Task_allBlockedFunc__C                                
0000f09c  ti_sysbios_knl_Task_defaultStackHeap__C                              
0000f0a0  ti_sysbios_knl_Task_defaultStackSize__C                              
0000f0a4  ti_sysbios_knl_Task_numConstructedTasks__C                           
0000f0a8  ti_sysbios_utils_Load_LS_cpuLoad__C                                  
0000f0ac  ti_sysbios_utils_Load_Module__diagsEnabled__C                        
0000f0b0  ti_sysbios_utils_Load_Module__diagsIncluded__C                       
0000f0b4  ti_sysbios_utils_Load_Module__diagsMask__C                           
0000f0b8  ti_sysbios_utils_Load_Module__loggerFxn1__C                          
0000f0bc  ti_sysbios_utils_Load_Module__loggerObj__C                           
0000f0c0  ti_sysbios_utils_Load_postUpdate__C                                  
0000f0c4  ti_sysbios_utils_Load_windowInMs__C                                  
0000f0c8  ti_uia_loggers_LoggerStopMode_Module__diagsEnabled__C                
0000f0cc  ti_uia_loggers_LoggerStopMode_Module__diagsIncluded__C               
0000f0d0  ti_uia_loggers_LoggerStopMode_Module__diagsMask__C                   
0000f0d4  ti_uia_loggers_LoggerStopMode_Object__count__C                       
0000f0d8  ti_uia_runtime_ILoggerSnapshot_Interface__BASE__C                    
0000f0dc  ti_uia_runtime_IUIATransfer_Interface__BASE__C                       
0000f0e0  xdc_runtime_Assert_E_assertFailed__C                                 
0000f0e4  xdc_runtime_Core_A_initializedParams__C                              
0000f0e8  xdc_runtime_Core_Module__diagsEnabled__C                             
0000f0ec  xdc_runtime_Core_Module__diagsIncluded__C                            
0000f0f0  xdc_runtime_Core_Module__diagsMask__C                                
0000f0f4  xdc_runtime_Error_E_memory__C                                        
0000f0f8  xdc_runtime_Error_Module__diagsEnabled__C                            
0000f0fc  xdc_runtime_Error_Module__diagsIncluded__C                           
0000f100  xdc_runtime_Error_Module__diagsMask__C                               
0000f104  xdc_runtime_Error_Module__loggerFxn8__C                              
0000f108  xdc_runtime_Error_Module__loggerObj__C                               
0000f10c  xdc_runtime_Error_policyFxn__C                                       
0000f110  xdc_runtime_Error_raiseHook__C                                       
0000f114  xdc_runtime_IFilterLogger_Interface__BASE__C                         
0000f118  xdc_runtime_IGateProvider_Interface__BASE__C                         
0000f11c  xdc_runtime_IHeap_Interface__BASE__C                                 
0000f120  xdc_runtime_ILogger_Interface__BASE__C                               
0000f124  xdc_runtime_IModule_Interface__BASE__C                               
0000f128  xdc_runtime_Log_L_error__C                                           
0000f12c  xdc_runtime_Memory_defaultHeapInstance__C                            
0000f130  xdc_runtime_Startup_execImpl__C                                      
0000f134  xdc_runtime_Startup_lastFxns__A                                      
0000f138  xdc_runtime_Startup_maxPasses__C                                     
0000f13c  xdc_runtime_Startup_sfxnRts__C                                       
0000f140  xdc_runtime_Startup_sfxnTab__C                                       
0000f144  xdc_runtime_SysMin_bufSize__C                                        
0000f148  xdc_runtime_SysMin_outputFunc__C                                     
0000f14c  xdc_runtime_System_Module__gateObj__C                                
0000f150  xdc_runtime_System_abortFxn__C                                       
0000f154  xdc_runtime_System_exitFxn__C                                        
0000f158  xdc_runtime_System_extendFxn__C                                      
0000f15c  xdc_runtime_System_maxAtexitHandlers__C                              
0000f160  xdc_runtime_Text_charTab__C                                          
0000f164  xdc_runtime_Text_nameEmpty__C                                        
0000f168  xdc_runtime_Text_nameStatic__C                                       
0000f16c  xdc_runtime_Text_nameUnknown__C                                      
0000f170  xdc_runtime_Text_nodeTab__C                                          
0000f174  xdc_runtime_Text_visitRopeFxn__C                                     
0000f178  ti_sysbios_family_arm_m3_Hwi_Module__id__C                           
0000f17a  ti_sysbios_family_arm_m3_Hwi_Module__loggerDefined__C                
0000f17c  ti_sysbios_gates_GateMutex_Module__id__C                             
0000f17e  ti_sysbios_hal_Hwi_Module__id__C                                     
0000f180  ti_sysbios_heaps_HeapMem_Module__id__C                               
0000f182  ti_sysbios_knl_Clock_Module__id__C                                   
0000f184  ti_sysbios_knl_Clock_Module__loggerDefined__C                        
0000f186  ti_sysbios_knl_Semaphore_Module__id__C                               
0000f188  ti_sysbios_knl_Semaphore_Module__loggerDefined__C                    
0000f18a  ti_sysbios_knl_Swi_Module__id__C                                     
0000f18c  ti_sysbios_knl_Swi_Module__loggerDefined__C                          
0000f18e  ti_sysbios_knl_Task_Module__id__C                                    
0000f190  ti_sysbios_knl_Task_Module__loggerDefined__C                         
0000f192  ti_sysbios_utils_Load_Module__id__C                                  
0000f194  ti_sysbios_utils_Load_Module__loggerDefined__C                       
0000f196  ti_sysbios_utils_Load_updateInIdle__C                                
0000f198  ti_uia_loggers_LoggerStopMode_Module__id__C                          
0000f19a  ti_uia_loggers_LoggerStopMode_isTimestampEnabled__C                  
0000f19c  xdc_runtime_Core_Module__id__C                                       
0000f19e  xdc_runtime_Error_Module__loggerDefined__C                           
0000f1a0  xdc_runtime_Error_maxDepth__C                                        
0000f1a2  xdc_runtime_Memory_Module__id__C                                     
0000f1a4  xdc_runtime_SysMin_flushAtExit__C                                    
0000f1a6  xdc_runtime_Text_charCnt__C                                          
0000f1a8  xdc_runtime_Text_isLoaded__C                                         
0000f1aa  xdc_runtime_Text_registryModsLastId__C                               
0000f1ac  xdc_runtime_Text_unnamedModsLastId__C                                
0000f1b0  __TI_static_base__                                                   
0000f4ec  __TI_Handler_Table_Base                                              
0000f4f8  __TI_Handler_Table_Limit                                             
0000f508  __TI_CINIT_Base                                                      
0000f520  __TI_CINIT_Limit                                                     
20000000  ti_sysbios_family_arm_m3_Hwi_ramVectors                              
20000380  task0Stack                                                           
20000b80  ti_sysbios_heaps_HeapMem_Instance_State_0_buf__A                     
20000f80  ti_uia_loggers_LoggerStopMode_Instance_State_2_packetArray__A        
20001380  ti_sysbios_family_arm_m3_Hwi_dispatchTable                           
200016e0  ti_sysbios_knl_Task_Instance_State_0_stack__A                        
20001900  ti_uia_loggers_LoggerStopMode_Instance_State_1_packetArray__A        
20001c40  __CIOBUF_                                                            
20001d60  i2cTivaObjects                                                       
20001e60  uartTivaRingBuffer                                                   
20001e80  ti_uia_loggers_LoggerStopMode_Instance_State_0_packetArray__A        
20001f80  uartTivaObjects                                                      
200020dc  xdc_runtime_SysMin_Module_State_0_outbuf__A                          
20002164  parmbuf                                                              
2000216c  GUITask                                                              
20002170  g_pi32ParmSet                                                        
2000217c  guiParam                                                             
20002180  ti_uia_loggers_LoggerStopMode_Instance_State_0_hdr__A                
200021b0  sContext                                                             
20002200  ti_uia_loggers_LoggerStopMode_Instance_State_1_hdr__A                
20002280  ti_uia_loggers_LoggerStopMode_Instance_State_2_hdr__A                
200022b0  ti_uia_loggers_LoggerStopMode_Object__table__V                       
2000234c  ti_sysbios_utils_Load_Module__state__V                               
200023e4  ti_sysbios_family_arm_lm4_Timer_Object__table__V                     
20002464  ti_sysbios_knl_Swi_Module_State_0_readyQ__A                          
200024e4  ti_sysbios_knl_Task_Module_State_0_readyQ__A                         
20002564  g_sDecrease                                                          
200025b4  g_sFaultDis                                                          
20002604  g_sIncrease                                                          
20002654  g_sMotorSpeed                                                        
200026a4  g_sNextPage                                                          
200026f4  g_sUpperAccel                                                        
20002744  g_sUpperCurrent                                                      
20002794  g_sUpperTemp                                                         
200027e4  g_sWeatherClassify                                                   
20002834  ti_sysbios_knl_Task_Object__table__V                                 
20002880  ti_sysbios_knl_Task_Module__state__V                                 
200028c4  g_sHomePage                                                          
20002904  ti_sysbios_family_arm_lm4_Timer_Module_State_0_device__A             
20002944  ti_sysbios_gates_GateMutex_Object__table__V                          
2000297c  ti_sysbios_family_arm_m3_Hwi_Module__state__V                        
200029b0  ti_sysbios_family_arm_m3_Hwi_Object__table__V                        
200029e0  ti_sysbios_knl_Swi_Object__table__V                                  
20002a10  g_sRoot                                                              
20002a3e  ti_sysbios_family_arm_m3_Hwi_Module_State_0_excActive__A             
20002a40  ti_sysbios_knl_Clock_Module__state__V                                
20002a6c  ti_sysbios_BIOS_Module__state__V                                     
20002a90  ti_sysbios_family_arm_lm4_Timer_Module_State_0_handles__A            
20002ab0  ti_sysbios_knl_Swi_Module__state__V                                  
20002acc  ti_sysbios_heaps_HeapMem_Object__table__V                            
20002ae4  gpioPinConfigs                                                       
20002af4  ti_sysbios_family_arm_lm4_Timer_Module__state__V                     
20002b00  ti_sysbios_knl_Task_Module__root__V                                  
20002b0c  ti_uia_runtime_QueueDescriptor_Module__state__V                      
20002b18  xdc_runtime_SysMin_Module__state__V                                  
20002b24  _lock                                                                
20002b28  _unlock                                                              
20002b2c  gpioCallbackFunctions                                                
20002b34  ti_uia_runtime_QueueDescriptor_gPtrToFirstDescriptor                 
20002b38  ti_uia_runtime_QueueDescriptor_gUpdateCount                          
20002b3c  ti_sysbios_family_arm_lm4_TimestampProvider_Module__state__V         
20002b44  ti_sysbios_family_arm_m3_Hwi_Module__root__V                         
20002b4c  ti_sysbios_gates_GateHwi_Module__root__V                             
20002b54  ti_sysbios_gates_GateMutex_Module__root__V                           
20002b5c  ti_sysbios_heaps_HeapMem_Module__root__V                             
20002b64  ti_sysbios_knl_Clock_Module__root__V                                 
20002b6c  ti_sysbios_knl_Queue_Module__root__V                                 
20002b74  ti_sysbios_knl_Semaphore_Module__root__V                             
20002b7c  ti_uia_loggers_LoggerStopMode_Module__root__V                        
20002b84  xdc_runtime_Registry_Module__state__V                                
20002b8c  xdc_runtime_Startup_Module__state__V                                 
20002b94  xdc_runtime_System_Module_State_0_atexitHandlers__A                  
20002b9c  xdc_runtime_System_Module__state__V                                  
20002baa  xdc_runtime_Error_Module__state__V                                   
20002bb4  main_func_sp                                                         
20002bb8  ti_sysbios_family_arm_m3_Hwi_Module_State_0_excContext__A            
20002bbc  ti_sysbios_family_arm_m3_Hwi_Module_State_0_excStack__A              
20002bc0  ti_sysbios_gates_GateHwi_Object__table__V                            
20002bc4  ti_sysbios_knl_Task_Module_State_0_idleTask__A                       
20002bc8  ti_sysbios_utils_Load_Module_State_0_runningTask__A                  
20002bcc  ti_sysbios_utils_Load_Module_State_0_taskStartTime__A                
20002bd0  xdc_runtime_Memory_Module__state__V                                  
20002bd8  __stack                                                              
20002ed8  __STACK_END                                                          
e000e000  ti_sysbios_family_arm_m3_Hwi_nvic                                    
ffffffff  __TI_pprof_out_hndl                                                  
ffffffff  __TI_prof_data_size                                                  
ffffffff  __TI_prof_data_start                                                 
ffffffff  __binit__                                                            
ffffffff  __c_args__                                                           
ffffffff  binit                                                                
UNDEFED   SHT$$INIT_ARRAY$$Base                                                
UNDEFED   SHT$$INIT_ARRAY$$Limit                                               

[822 symbols]
